Archive member included to satisfy reference by file (symbol)

c:/ac6/systemworkbench/plugins/fr.ac6.mcu.externaltools.arm-none.win32_1.13.3.201707031232/tools/compiler/bin/../lib/gcc/arm-none-eabi/5.4.1/../../../../arm-none-eabi/lib/armv7-m\libc_nano.a(lib_a-exit.o)
                              c:/ac6/systemworkbench/plugins/fr.ac6.mcu.externaltools.arm-none.win32_1.13.3.201707031232/tools/compiler/bin/../lib/gcc/arm-none-eabi/5.4.1/../../../../arm-none-eabi/lib/armv7-m/crt0.o (exit)
c:/ac6/systemworkbench/plugins/fr.ac6.mcu.externaltools.arm-none.win32_1.13.3.201707031232/tools/compiler/bin/../lib/gcc/arm-none-eabi/5.4.1/../../../../arm-none-eabi/lib/armv7-m\libc_nano.a(lib_a-impure.o)
                              c:/ac6/systemworkbench/plugins/fr.ac6.mcu.externaltools.arm-none.win32_1.13.3.201707031232/tools/compiler/bin/../lib/gcc/arm-none-eabi/5.4.1/../../../../arm-none-eabi/lib/armv7-m\libc_nano.a(lib_a-exit.o) (_global_impure_ptr)
c:/ac6/systemworkbench/plugins/fr.ac6.mcu.externaltools.arm-none.win32_1.13.3.201707031232/tools/compiler/bin/../lib/gcc/arm-none-eabi/5.4.1/../../../../arm-none-eabi/lib/armv7-m\libc_nano.a(lib_a-init.o)
                              c:/ac6/systemworkbench/plugins/fr.ac6.mcu.externaltools.arm-none.win32_1.13.3.201707031232/tools/compiler/bin/../lib/gcc/arm-none-eabi/5.4.1/../../../../arm-none-eabi/lib/armv7-m/crt0.o (__libc_init_array)
c:/ac6/systemworkbench/plugins/fr.ac6.mcu.externaltools.arm-none.win32_1.13.3.201707031232/tools/compiler/bin/../lib/gcc/arm-none-eabi/5.4.1/../../../../arm-none-eabi/lib/armv7-m\libc_nano.a(lib_a-memset.o)
                              c:/ac6/systemworkbench/plugins/fr.ac6.mcu.externaltools.arm-none.win32_1.13.3.201707031232/tools/compiler/bin/../lib/gcc/arm-none-eabi/5.4.1/../../../../arm-none-eabi/lib/armv7-m/crt0.o (memset)
c:/ac6/systemworkbench/plugins/fr.ac6.mcu.externaltools.arm-none.win32_1.13.3.201707031232/tools/compiler/bin/../lib/gcc/arm-none-eabi/5.4.1/../../../../arm-none-eabi/lib/armv7-m\libc_nano.a(lib_a-sprintf.o)
                              Src/mainApp.o (sprintf)
c:/ac6/systemworkbench/plugins/fr.ac6.mcu.externaltools.arm-none.win32_1.13.3.201707031232/tools/compiler/bin/../lib/gcc/arm-none-eabi/5.4.1/../../../../arm-none-eabi/lib/armv7-m\libc_nano.a(lib_a-strlen.o)
                              Src/mainApp.o (strlen)
c:/ac6/systemworkbench/plugins/fr.ac6.mcu.externaltools.arm-none.win32_1.13.3.201707031232/tools/compiler/bin/../lib/gcc/arm-none-eabi/5.4.1/../../../../arm-none-eabi/lib/armv7-m\libc_nano.a(lib_a-nano-svfprintf.o)
                              c:/ac6/systemworkbench/plugins/fr.ac6.mcu.externaltools.arm-none.win32_1.13.3.201707031232/tools/compiler/bin/../lib/gcc/arm-none-eabi/5.4.1/../../../../arm-none-eabi/lib/armv7-m\libc_nano.a(lib_a-sprintf.o) (_svfprintf_r)
c:/ac6/systemworkbench/plugins/fr.ac6.mcu.externaltools.arm-none.win32_1.13.3.201707031232/tools/compiler/bin/../lib/gcc/arm-none-eabi/5.4.1/../../../../arm-none-eabi/lib/armv7-m\libc_nano.a(lib_a-nano-vfprintf_i.o)
                              c:/ac6/systemworkbench/plugins/fr.ac6.mcu.externaltools.arm-none.win32_1.13.3.201707031232/tools/compiler/bin/../lib/gcc/arm-none-eabi/5.4.1/../../../../arm-none-eabi/lib/armv7-m\libc_nano.a(lib_a-nano-svfprintf.o) (_printf_i)
c:/ac6/systemworkbench/plugins/fr.ac6.mcu.externaltools.arm-none.win32_1.13.3.201707031232/tools/compiler/bin/../lib/gcc/arm-none-eabi/5.4.1/../../../../arm-none-eabi/lib/armv7-m\libc_nano.a(lib_a-memchr-stub.o)
                              c:/ac6/systemworkbench/plugins/fr.ac6.mcu.externaltools.arm-none.win32_1.13.3.201707031232/tools/compiler/bin/../lib/gcc/arm-none-eabi/5.4.1/../../../../arm-none-eabi/lib/armv7-m\libc_nano.a(lib_a-nano-svfprintf.o) (memchr)
c:/ac6/systemworkbench/plugins/fr.ac6.mcu.externaltools.arm-none.win32_1.13.3.201707031232/tools/compiler/bin/../lib/gcc/arm-none-eabi/5.4.1/../../../../arm-none-eabi/lib/armv7-m\libc_nano.a(lib_a-memcpy-stub.o)
                              c:/ac6/systemworkbench/plugins/fr.ac6.mcu.externaltools.arm-none.win32_1.13.3.201707031232/tools/compiler/bin/../lib/gcc/arm-none-eabi/5.4.1/../../../../arm-none-eabi/lib/armv7-m\libc_nano.a(lib_a-nano-svfprintf.o) (memcpy)
c:/ac6/systemworkbench/plugins/fr.ac6.mcu.externaltools.arm-none.win32_1.13.3.201707031232/tools/compiler/bin/../lib/gcc/arm-none-eabi/5.4.1/../../../../arm-none-eabi/lib/armv7-m\libc_nano.a(lib_a-memmove.o)
                              c:/ac6/systemworkbench/plugins/fr.ac6.mcu.externaltools.arm-none.win32_1.13.3.201707031232/tools/compiler/bin/../lib/gcc/arm-none-eabi/5.4.1/../../../../arm-none-eabi/lib/armv7-m\libc_nano.a(lib_a-nano-svfprintf.o) (memmove)
c:/ac6/systemworkbench/plugins/fr.ac6.mcu.externaltools.arm-none.win32_1.13.3.201707031232/tools/compiler/bin/../lib/gcc/arm-none-eabi/5.4.1/../../../../arm-none-eabi/lib/armv7-m\libc_nano.a(lib_a-nano-freer.o)
[...]
Memory Configuration

Name             Origin             Length             Attributes
RAM              0x20000000         0x00005000         xrw
FLASH            0x08000000         0x00010000         xr
*default*        0x00000000         0xffffffff

Linker script and memory map

LOAD c:/ac6/systemworkbench/plugins/fr.ac6.mcu.externaltools.arm-none.win32_1.13.3.201707031232/tools/compiler/bin/../lib/gcc/arm-none-eabi/5.4.1/armv7-m/crti.o
LOAD c:/ac6/systemworkbench/plugins/fr.ac6.mcu.externaltools.arm-none.win32_1.13.3.201707031232/tools/compiler/bin/../lib/gcc/arm-none-eabi/5.4.1/armv7-m/crtbegin.o
LOAD c:/ac6/systemworkbench/plugins/fr.ac6.mcu.externaltools.arm-none.win32_1.13.3.201707031232/tools/compiler/bin/../lib/gcc/arm-none-eabi/5.4.1/../../../../arm-none-eabi/lib/armv7-m/crt0.o
LOAD Drivers/STM32F1xx_HAL_Driver/Src/stm32f1xx_hal.o
LOAD Drivers/STM32F1xx_HAL_Driver/Src/stm32f1xx_hal_cortex.o
LOAD Drivers/STM32F1xx_HAL_Driver/Src/stm32f1xx_hal_dma.o
LOAD Drivers/STM32F1xx_HAL_Driver/Src/stm32f1xx_hal_flash.o
LOAD Drivers/STM32F1xx_HAL_Driver/Src/stm32f1xx_hal_flash_ex.o
LOAD Drivers/STM32F1xx_HAL_Driver/Src/stm32f1xx_hal_gpio.o
LOAD Drivers/STM32F1xx_HAL_Driver/Src/stm32f1xx_hal_gpio_ex.o
LOAD Drivers/STM32F1xx_HAL_Driver/Src/stm32f1xx_hal_pcd.o
LOAD Drivers/STM32F1xx_HAL_Driver/Src/stm32f1xx_hal_pcd_ex.o
LOAD Drivers/STM32F1xx_HAL_Driver/Src/stm32f1xx_hal_pwr.o
LOAD Drivers/STM32F1xx_HAL_Driver/Src/stm32f1xx_hal_rcc.o
LOAD Drivers/STM32F1xx_HAL_Driver/Src/stm32f1xx_hal_rcc_ex.o
LOAD Drivers/STM32F1xx_HAL_Driver/Src/stm32f1xx_hal_spi.o
LOAD Drivers/STM32F1xx_HAL_Driver/Src/stm32f1xx_hal_spi_ex.o
LOAD Drivers/STM32F1xx_HAL_Driver/Src/stm32f1xx_hal_tim.o
LOAD Drivers/STM32F1xx_HAL_Driver/Src/stm32f1xx_hal_tim_ex.o
LOAD Drivers/STM32F1xx_HAL_Driver/Src/stm32f1xx_ll_usb.o
LOAD Middlewares/ST/STM32_USB_Device_Library/Class/CDC/Src/usbd_cdc.o
LOAD Middlewares/ST/STM32_USB_Device_Library/Core/Src/usbd_core.o
LOAD Middlewares/ST/STM32_USB_Device_Library/Core/Src/usbd_ctlreq.o
LOAD Middlewares/ST/STM32_USB_Device_Library/Core/Src/usbd_ioreq.o
LOAD Src/main.o
LOAD Src/mainApp.o
LOAD Src/spi.o
LOAD Src/stm32f1xx_hal_msp.o
LOAD Src/stm32f1xx_it.o
LOAD Src/sx1276_7_8.o
LOAD Src/system_stm32f1xx.o
LOAD Src/usb_device.o
LOAD Src/usbd_cdc_if.o
LOAD Src/usbd_conf.o
LOAD Src/usbd_desc.o
LOAD startup/startup_stm32f103xb.o
LOAD c:/ac6/systemworkbench/plugins/fr.ac6.mcu.externaltools.arm-none.win32_1.13.3.201707031232/tools/compiler/bin/../lib/gcc/arm-none-eabi/5.4.1/../../../../arm-none-eabi/lib/armv7-m\libm.a
START GROUP
LOAD c:/ac6/systemworkbench/plugins/fr.ac6.mcu.externaltools.arm-none.win32_1.13.3.201707031232/tools/compiler/bin/../lib/gcc/arm-none-eabi/5.4.1/armv7-m\libgcc.a
LOAD c:/ac6/systemworkbench/plugins/fr.ac6.mcu.externaltools.arm-none.win32_1.13.3.201707031232/tools/compiler/bin/../lib/gcc/arm-none-eabi/5.4.1/../../../../arm-none-eabi/lib/armv7-m\libc_nano.a
END GROUP
START GROUP
LOAD c:/ac6/systemworkbench/plugins/fr.ac6.mcu.externaltools.arm-none.win32_1.13.3.201707031232/tools/compiler/bin/../lib/gcc/arm-none-eabi/5.4.1/armv7-m\libgcc.a
LOAD c:/ac6/systemworkbench/plugins/fr.ac6.mcu.externaltools.arm-none.win32_1.13.3.201707031232/tools/compiler/bin/../lib/gcc/arm-none-eabi/5.4.1/../../../../arm-none-eabi/lib/armv7-m\libc_nano.a
LOAD c:/ac6/systemworkbench/plugins/fr.ac6.mcu.externaltools.arm-none.win32_1.13.3.201707031232/tools/compiler/bin/../lib/gcc/arm-none-eabi/5.4.1/../../../../arm-none-eabi/lib/armv7-m\libnosys.a
END GROUP
START GROUP
LOAD c:/ac6/systemworkbench/plugins/fr.ac6.mcu.externaltools.arm-none.win32_1.13.3.201707031232/tools/compiler/bin/../lib/gcc/arm-none-eabi/5.4.1/armv7-m\libgcc.a
LOAD c:/ac6/systemworkbench/plugins/fr.ac6.mcu.externaltools.arm-none.win32_1.13.3.201707031232/tools/compiler/bin/../lib/gcc/arm-none-eabi/5.4.1/../../../../arm-none-eabi/lib/armv7-m\libc_nano.a
LOAD c:/ac6/systemworkbench/plugins/fr.ac6.mcu.externaltools.arm-none.win32_1.13.3.201707031232/tools/compiler/bin/../lib/gcc/arm-none-eabi/5.4.1/../../../../arm-none-eabi/lib/armv7-m\libnosys.a
END GROUP
LOAD c:/ac6/systemworkbench/plugins/fr.ac6.mcu.externaltools.arm-none.win32_1.13.3.201707031232/tools/compiler/bin/../lib/gcc/arm-none-eabi/5.4.1/armv7-m/crtend.o
LOAD c:/ac6/systemworkbench/plugins/fr.ac6.mcu.externaltools.arm-none.win32_1.13.3.201707031232/tools/compiler/bin/../lib/gcc/arm-none-eabi/5.4.1/armv7-m/crtn.o
                0x20005000                _estack = 0x20005000
                0x00000200                _Min_Heap_Size = 0x200
                0x00000400                _Min_Stack_Size = 0x400

.isr_vector     0x08000000      0x10c
                0x08000000                . = ALIGN (0x4)
 *(.isr_vector)
 .isr_vector    0x08000000      0x10c startup/startup_stm32f103xb.o
                0x08000000                g_pfnVectors
                0x0800010c                . = ALIGN (0x4)

.text           0x0800010c     0x79f0
                0x0800010c                . = ALIGN (0x4)
 *(.text)
 .text          0x0800010c       0x5c c:/ac6/systemworkbench/plugins/fr.ac6.mcu.externaltools.arm-none.win32_1.13.3.201707031232/tools/compiler/bin/../lib/gcc/arm-none-eabi/5.4.1/armv7-m/crtbegin.o
 .text          0x08000168       0x10 c:/ac6/systemworkbench/plugins/fr.ac6.mcu.externaltools.arm-none.win32_1.13.3.201707031232/tools/compiler/bin/../lib/gcc/arm-none-eabi/5.4.1/../../../../arm-none-eabi/lib/armv7-m\libc_nano.a(lib_a-strlen.o)
                0x08000168                strlen
 *(.text*)
 .text.HAL_Init
                0x08000178       0x2c Drivers/STM32F1xx_HAL_Driver/Src/stm32f1xx_hal.o
                0x08000178                HAL_Init
 .text.HAL_InitTick
                0x080001a4       0x38 Drivers/STM32F1xx_HAL_Driver/Src/stm32f1xx_hal.o
                0x080001a4                HAL_InitTick
 .text.HAL_IncTick
                0x080001dc       0x1c Drivers/STM32F1xx_HAL_Driver/Src/stm32f1xx_hal.o
                0x080001dc                HAL_IncTick
 .text.HAL_GetTick
                0x080001f8       0x14 Drivers/STM32F1xx_HAL_Driver/Src/stm32f1xx_hal.o
                0x080001f8                HAL_GetTick
 .text.HAL_Delay
                0x0800020c       0x2c Drivers/STM32F1xx_HAL_Driver/Src/stm32f1xx_hal.o
                0x0800020c                HAL_Delay
 .text.NVIC_SetPriorityGrouping
                0x08000238       0x48 Drivers/STM32F1xx_HAL_Driver/Src/stm32f1xx_hal_cortex.o
 .text.NVIC_GetPriorityGrouping
                0x08000280       0x1c Drivers/STM32F1xx_HAL_Driver/Src/stm32f1xx_hal_cortex.o
 .text.NVIC_EnableIRQ
                0x0800029c       0x30 Drivers/STM32F1xx_HAL_Driver/Src/stm32f1xx_hal_cortex.o
 .text.NVIC_SetPriority
                0x080002cc       0x54 Drivers/STM32F1xx_HAL_Driver/Src/stm32f1xx_hal_cortex.o
 .text.NVIC_EncodePriority
                0x08000320       0x60 Drivers/STM32F1xx_HAL_Driver/Src/stm32f1xx_hal_cortex.o
 .text.SysTick_Config
                0x08000380       0x44 Drivers/STM32F1xx_HAL_Driver/Src/stm32f1xx_hal_cortex.o
 .text.HAL_NVIC_SetPriorityGrouping
                0x080003c4       0x18 Drivers/STM32F1xx_HAL_Driver/Src/stm32f1xx_hal_cortex.o
                0x080003c4                HAL_NVIC_SetPriorityGrouping
 .text.HAL_NVIC_SetPriority
                0x080003dc       0x38 Drivers/STM32F1xx_HAL_Driver/Src/stm32f1xx_hal_cortex.o
                0x080003dc                HAL_NVIC_SetPriority
 .text.HAL_NVIC_EnableIRQ
                0x08000414       0x1c Drivers/STM32F1xx_HAL_Driver/Src/stm32f1xx_hal_cortex.o
                0x08000414                HAL_NVIC_EnableIRQ
 .text.HAL_SYSTICK_Config
                0x08000430       0x18 Drivers/STM32F1xx_HAL_Driver/Src/stm32f1xx_hal_cortex.o
                0x08000430                HAL_SYSTICK_Config
 .text.HAL_SYSTICK_CLKSourceConfig
                0x08000448       0x38 Drivers/STM32F1xx_HAL_Driver/Src/stm32f1xx_hal_cortex.o
                0x08000448                HAL_SYSTICK_CLKSourceConfig
 .text.HAL_SYSTICK_IRQHandler
                0x08000480        0xc Drivers/STM32F1xx_HAL_Driver/Src/stm32f1xx_hal_cortex.o
                0x08000480                HAL_SYSTICK_IRQHandler
 .text.HAL_SYSTICK_Callback
                0x0800048c        0xc Drivers/STM32F1xx_HAL_Driver/Src/stm32f1xx_hal_cortex.o
                0x0800048c                HAL_SYSTICK_Callback
 .text.HAL_GPIO_Init
                0x08000498      0x2bc Drivers/STM32F1xx_HAL_Driver/Src/stm32f1xx_hal_gpio.o
                0x08000498                HAL_GPIO_Init
 .text.HAL_GPIO_ReadPin
                0x08000754       0x30 Drivers/STM32F1xx_HAL_Driver/Src/stm32f1xx_hal_gpio.o
                0x08000754                HAL_GPIO_ReadPin
 .text.HAL_GPIO_WritePin
                0x08000784       0x30 Drivers/STM32F1xx_HAL_Driver/Src/stm32f1xx_hal_gpio.o
                0x08000784                HAL_GPIO_WritePin
 .text.HAL_PCD_Init
                0x080007b4      0x1b4 Drivers/STM32F1xx_HAL_Driver/Src/stm32f1xx_hal_pcd.o
                0x080007b4                HAL_PCD_Init
 .text.HAL_PCD_Start
                0x08000968       0x4c Drivers/STM32F1xx_HAL_Driver/Src/stm32f1xx_hal_pcd.o
                0x08000968                HAL_PCD_Start
 .text.HAL_PCD_IRQHandler
                0x080009b4      0x1f0 Drivers/STM32F1xx_HAL_Driver/Src/stm32f1xx_hal_pcd.o
                0x080009b4                HAL_PCD_IRQHandler
 .text.HAL_PCD_SetAddress
                0x08000ba4       0x4c Drivers/STM32F1xx_HAL_Driver/Src/stm32f1xx_hal_pcd.o
                0x08000ba4                HAL_PCD_SetAddress
 .text.HAL_PCD_EP_Open
                0x08000bf0       0xac Drivers/STM32F1xx_HAL_Driver/Src/stm32f1xx_hal_pcd.o
                0x08000bf0                HAL_PCD_EP_Open
 .text.HAL_PCD_EP_Close
                0x08000c9c       0x8c Drivers/STM32F1xx_HAL_Driver/Src/stm32f1xx_hal_pcd.o
                0x08000c9c                HAL_PCD_EP_Close
 .text.HAL_PCD_EP_Receive
                0x08000d28       0x98 Drivers/STM32F1xx_HAL_Driver/Src/stm32f1xx_hal_pcd.o
                0x08000d28                HAL_PCD_EP_Receive
 .text.HAL_PCD_EP_GetRxCount
                0x08000dc0       0x2c Drivers/STM32F1xx_HAL_Driver/Src/stm32f1xx_hal_pcd.o
                0x08000dc0                HAL_PCD_EP_GetRxCount
 .text.HAL_PCD_EP_Transmit
                0x08000dec       0x94 Drivers/STM32F1xx_HAL_Driver/Src/stm32f1xx_hal_pcd.o
                0x08000dec                HAL_PCD_EP_Transmit
 .text.HAL_PCD_EP_SetStall
                0x08000e80       0xac Drivers/STM32F1xx_HAL_Driver/Src/stm32f1xx_hal_pcd.o
                0x08000e80                HAL_PCD_EP_SetStall
 .text.HAL_PCD_EP_ClrStall
                0x08000f2c       0x90 Drivers/STM32F1xx_HAL_Driver/Src/stm32f1xx_hal_pcd.o
                0x08000f2c                HAL_PCD_EP_ClrStall
 .text.PCD_EP_ISR_Handler
                0x08000fbc      0x66c Drivers/STM32F1xx_HAL_Driver/Src/stm32f1xx_hal_pcd.o
 .text.HAL_PCDEx_PMAConfig
                0x08001628       0x7c Drivers/STM32F1xx_HAL_Driver/Src/stm32f1xx_hal_pcd_ex.o
                0x08001628                HAL_PCDEx_PMAConfig
 .text.HAL_RCC_OscConfig
                0x080016a4      0xe40 Drivers/STM32F1xx_HAL_Driver/Src/stm32f1xx_hal_rcc.o
                0x080016a4                HAL_RCC_OscConfig
 .text.HAL_RCC_ClockConfig
                0x080024e4      0x378 Drivers/STM32F1xx_HAL_Driver/Src/stm32f1xx_hal_rcc.o
                0x080024e4                HAL_RCC_ClockConfig
 .text.HAL_RCC_GetSysClockFreq
                0x0800285c       0xf4 Drivers/STM32F1xx_HAL_Driver/Src/stm32f1xx_hal_rcc.o
                0x0800285c                HAL_RCC_GetSysClockFreq
 .text.HAL_RCC_GetHCLKFreq
                0x08002950       0x14 Drivers/STM32F1xx_HAL_Driver/Src/stm32f1xx_hal_rcc.o
                0x08002950                HAL_RCC_GetHCLKFreq
 .text.HAL_RCCEx_PeriphCLKConfig
                0x08002964      0x1ec Drivers/STM32F1xx_HAL_Driver/Src/stm32f1xx_hal_rcc_ex.o
                0x08002964                HAL_RCCEx_PeriphCLKConfig
 .text.HAL_SPI_Transmit
                0x08002b50      0x280 Drivers/STM32F1xx_HAL_Driver/Src/stm32f1xx_hal_spi.o
                0x08002b50                HAL_SPI_Transmit
 .text.HAL_SPI_Receive
                0x08002dd0      0x31c Drivers/STM32F1xx_HAL_Driver/Src/stm32f1xx_hal_spi.o
                0x08002dd0                HAL_SPI_Receive
 .text.HAL_SPI_TransmitReceive
                0x080030ec      0x498 Drivers/STM32F1xx_HAL_Driver/Src/stm32f1xx_hal_spi.o
                0x080030ec                HAL_SPI_TransmitReceive
 .text.HAL_SPI_IRQHandler
                0x08003584      0x130 Drivers/STM32F1xx_HAL_Driver/Src/stm32f1xx_hal_spi.o
                0x08003584                HAL_SPI_IRQHandler
 .text.HAL_SPI_ErrorCallback
                0x080036b4       0x14 Drivers/STM32F1xx_HAL_Driver/Src/stm32f1xx_hal_spi.o
                0x080036b4                HAL_SPI_ErrorCallback
 .text.SPI_WaitOnFlagUntilTimeout
                0x080036c8      0x148 Drivers/STM32F1xx_HAL_Driver/Src/stm32f1xx_hal_spi.o
 .text.HAL_SPI_Init
                0x08003810       0xcc Drivers/STM32F1xx_HAL_Driver/Src/stm32f1xx_hal_spi_ex.o
                0x08003810                HAL_SPI_Init
 .text.SPI_ISCRCErrorValid
                0x080038dc       0x14 Drivers/STM32F1xx_HAL_Driver/Src/stm32f1xx_hal_spi_ex.o
                0x080038dc                SPI_ISCRCErrorValid
 .text.USB_CoreInit
                0x080038f0       0x20 Drivers/STM32F1xx_HAL_Driver/Src/stm32f1xx_ll_usb.o
                0x080038f0                USB_CoreInit
 .text.USB_EnableGlobalInt
                0x08003910       0x34 Drivers/STM32F1xx_HAL_Driver/Src/stm32f1xx_ll_usb.o
                0x08003910                USB_EnableGlobalInt
 .text.USB_DisableGlobalInt
                0x08003944       0x38 Drivers/STM32F1xx_HAL_Driver/Src/stm32f1xx_ll_usb.o
                0x08003944                USB_DisableGlobalInt
 .text.USB_SetCurrentMode
                0x0800397c       0x18 Drivers/STM32F1xx_HAL_Driver/Src/stm32f1xx_ll_usb.o
                0x0800397c                USB_SetCurrentMode
 .text.USB_DevInit
                0x08003994       0x40 Drivers/STM32F1xx_HAL_Driver/Src/stm32f1xx_ll_usb.o
                0x08003994                USB_DevInit
 .text.USB_ActivateEndpoint
                0x080039d4      0x590 Drivers/STM32F1xx_HAL_Driver/Src/stm32f1xx_ll_usb.o
                0x080039d4                USB_ActivateEndpoint
 .text.USB_DeactivateEndpoint
                0x08003f64      0x310 Drivers/STM32F1xx_HAL_Driver/Src/stm32f1xx_ll_usb.o
                0x08003f64                USB_DeactivateEndpoint
 .text.USB_EPStartXfer
                0x08004274      0x51c Drivers/STM32F1xx_HAL_Driver/Src/stm32f1xx_ll_usb.o
                0x08004274                USB_EPStartXfer
 .text.USB_EPSetStall
                0x08004790       0xc0 Drivers/STM32F1xx_HAL_Driver/Src/stm32f1xx_ll_usb.o
                0x08004790                USB_EPSetStall
 .text.USB_EPClearStall
                0x08004850      0x114 Drivers/STM32F1xx_HAL_Driver/Src/stm32f1xx_ll_usb.o
                0x08004850                USB_EPClearStall
 .text.USB_SetDevAddress
                0x08004964       0x28 Drivers/STM32F1xx_HAL_Driver/Src/stm32f1xx_ll_usb.o
                0x08004964                USB_SetDevAddress
 .text.USB_DevConnect
                0x0800498c       0x14 Drivers/STM32F1xx_HAL_Driver/Src/stm32f1xx_ll_usb.o
                0x0800498c                USB_DevConnect
 .text.USB_DevDisconnect
                0x080049a0       0x14 Drivers/STM32F1xx_HAL_Driver/Src/stm32f1xx_ll_usb.o
                0x080049a0                USB_DevDisconnect
 .text.USB_ReadInterrupts
                0x080049b4       0x24 Drivers/STM32F1xx_HAL_Driver/Src/stm32f1xx_ll_usb.o
                0x080049b4                USB_ReadInterrupts
 .text.USB_EP0_OutStart
                0x080049d8       0x18 Drivers/STM32F1xx_HAL_Driver/Src/stm32f1xx_ll_usb.o
                0x080049d8                USB_EP0_OutStart
 .text.USB_WritePMA
                0x080049f0       0x8c Drivers/STM32F1xx_HAL_Driver/Src/stm32f1xx_ll_usb.o
                0x080049f0                USB_WritePMA
 .text.USB_ReadPMA
                0x08004a7c       0x6c Drivers/STM32F1xx_HAL_Driver/Src/stm32f1xx_ll_usb.o
                0x08004a7c                USB_ReadPMA
 .text.USBD_CDC_Init
                0x08004ae8       0xd4 Middlewares/ST/STM32_USB_Device_Library/Class/CDC/Src/usbd_cdc.o
 .text.USBD_CDC_DeInit
                0x08004bbc       0x5c Middlewares/ST/STM32_USB_Device_Library/Class/CDC/Src/usbd_cdc.o
 .text.USBD_CDC_Setup
                0x08004c18       0xbc Middlewares/ST/STM32_USB_Device_Library/Class/CDC/Src/usbd_cdc.o
 .text.USBD_CDC_DataIn
                0x08004cd4       0x38 Middlewares/ST/STM32_USB_Device_Library/Class/CDC/Src/usbd_cdc.o
 .text.USBD_CDC_DataOut
                0x08004d0c       0x58 Middlewares/ST/STM32_USB_Device_Library/Class/CDC/Src/usbd_cdc.o
 .text.USBD_CDC_EP0_RxReady
                0x08004d64       0x50 Middlewares/ST/STM32_USB_Device_Library/Class/CDC/Src/usbd_cdc.o
 .text.USBD_CDC_GetFSCfgDesc
                0x08004db4       0x20 Middlewares/ST/STM32_USB_Device_Library/Class/CDC/Src/usbd_cdc.o
 .text.USBD_CDC_GetHSCfgDesc
                0x08004dd4       0x20 Middlewares/ST/STM32_USB_Device_Library/Class/CDC/Src/usbd_cdc.o
 .text.USBD_CDC_GetOtherSpeedCfgDesc
                0x08004df4       0x20 Middlewares/ST/STM32_USB_Device_Library/Class/CDC/Src/usbd_cdc.o
 .text.USBD_CDC_GetDeviceQualifierDescriptor
                0x08004e14       0x20 Middlewares/ST/STM32_USB_Device_Library/Class/CDC/Src/usbd_cdc.o
                0x08004e14                USBD_CDC_GetDeviceQualifierDescriptor
 .text.USBD_CDC_RegisterInterface
                0x08004e34       0x2c Middlewares/ST/STM32_USB_Device_Library/Class/CDC/Src/usbd_cdc.o
                0x08004e34                USBD_CDC_RegisterInterface
 .text.USBD_CDC_SetTxBuffer
                0x08004e60       0x34 Middlewares/ST/STM32_USB_Device_Library/Class/CDC/Src/usbd_cdc.o
                0x08004e60                USBD_CDC_SetTxBuffer
 .text.USBD_CDC_SetRxBuffer
                0x08004e94       0x28 Middlewares/ST/STM32_USB_Device_Library/Class/CDC/Src/usbd_cdc.o
                0x08004e94                USBD_CDC_SetRxBuffer
 .text.USBD_CDC_TransmitPacket
                0x08004ebc       0x54 Middlewares/ST/STM32_USB_Device_Library/Class/CDC/Src/usbd_cdc.o
                0x08004ebc                USBD_CDC_TransmitPacket
 .text.USBD_CDC_ReceivePacket
                0x08004f10       0x54 Middlewares/ST/STM32_USB_Device_Library/Class/CDC/Src/usbd_cdc.o
                0x08004f10                USBD_CDC_ReceivePacket
 .text.USBD_Init
                0x08004f64       0x58 Middlewares/ST/STM32_USB_Device_Library/Core/Src/usbd_core.o
                0x08004f64                USBD_Init
 .text.USBD_RegisterClass
                0x08004fbc       0x34 Middlewares/ST/STM32_USB_Device_Library/Core/Src/usbd_core.o
                0x08004fbc                USBD_RegisterClass
 .text.USBD_Start
                0x08004ff0       0x18 Middlewares/ST/STM32_USB_Device_Library/Core/Src/usbd_core.o
                0x08004ff0                USBD_Start
 .text.USBD_RunTestMode
                0x08005008       0x14 Middlewares/ST/STM32_USB_Device_Library/Core/Src/usbd_core.o
                0x08005008                USBD_RunTestMode
 .text.USBD_SetClassConfig
                0x0800501c       0x40 Middlewares/ST/STM32_USB_Device_Library/Core/Src/usbd_core.o
                0x0800501c                USBD_SetClassConfig
 .text.USBD_ClrClassConfig
                0x0800505c       0x28 Middlewares/ST/STM32_USB_Device_Library/Core/Src/usbd_core.o
                0x0800505c                USBD_ClrClassConfig
 .text.USBD_LL_SetupStage
                0x08005084       0x94 Middlewares/ST/STM32_USB_Device_Library/Core/Src/usbd_core.o
                0x08005084                USBD_LL_SetupStage
 .text.USBD_LL_DataOutStage
                0x08005118       0xb8 Middlewares/ST/STM32_USB_Device_Library/Core/Src/usbd_core.o
                0x08005118                USBD_LL_DataOutStage
 .text.USBD_LL_DataInStage
                0x080051d0      0x120 Middlewares/ST/STM32_USB_Device_Library/Core/Src/usbd_core.o
                0x080051d0                USBD_LL_DataInStage
 .text.USBD_LL_Reset
                0x080052f0       0x60 Middlewares/ST/STM32_USB_Device_Library/Core/Src/usbd_core.o
                0x080052f0                USBD_LL_Reset
 .text.USBD_LL_SetSpeed
                0x08005350       0x20 Middlewares/ST/STM32_USB_Device_Library/Core/Src/usbd_core.o
                0x08005350                USBD_LL_SetSpeed
 .text.USBD_LL_Suspend
                0x08005370       0x28 Middlewares/ST/STM32_USB_Device_Library/Core/Src/usbd_core.o
                0x08005370                USBD_LL_Suspend
 .text.USBD_LL_Resume
                0x08005398       0x20 Middlewares/ST/STM32_USB_Device_Library/Core/Src/usbd_core.o
                0x08005398                USBD_LL_Resume
 .text.USBD_LL_SOF
                0x080053b8       0x34 Middlewares/ST/STM32_USB_Device_Library/Core/Src/usbd_core.o
                0x080053b8                USBD_LL_SOF
 .text.USBD_StdDevReq
                0x080053ec       0xa0 Middlewares/ST/STM32_USB_Device_Library/Core/Src/usbd_ctlreq.o
                0x080053ec                USBD_StdDevReq
 .text.USBD_StdItfReq
                0x0800548c       0x68 Middlewares/ST/STM32_USB_Device_Library/Core/Src/usbd_ctlreq.o
                0x0800548c                USBD_StdItfReq
 .text.USBD_StdEPReq
                0x080054f4      0x1b0 Middlewares/ST/STM32_USB_Device_Library/Core/Src/usbd_ctlreq.o
                0x080054f4                USBD_StdEPReq
 .text.USBD_GetDescriptor
                0x080056a4      0x1e8 Middlewares/ST/STM32_USB_Device_Library/Core/Src/usbd_ctlreq.o
 .text.USBD_SetAddress
                0x0800588c       0x7c Middlewares/ST/STM32_USB_Device_Library/Core/Src/usbd_ctlreq.o
 .text.USBD_SetConfig
                0x08005908      0x110 Middlewares/ST/STM32_USB_Device_Library/Core/Src/usbd_ctlreq.o
 .text.USBD_GetConfig
                0x08005a18       0x64 Middlewares/ST/STM32_USB_Device_Library/Core/Src/usbd_ctlreq.o
 .text.USBD_GetStatus
                0x08005a7c       0x54 Middlewares/ST/STM32_USB_Device_Library/Core/Src/usbd_ctlreq.o
 .text.USBD_SetFeature
                0x08005ad0       0x38 Middlewares/ST/STM32_USB_Device_Library/Core/Src/usbd_ctlreq.o
 .text.USBD_ClrFeature
                0x08005b08       0x50 Middlewares/ST/STM32_USB_Device_Library/Core/Src/usbd_ctlreq.o
 .text.USBD_ParseSetupRequest
                0x08005b58       0x78 Middlewares/ST/STM32_USB_Device_Library/Core/Src/usbd_ctlreq.o
                0x08005b58                USBD_ParseSetupRequest
 .text.USBD_CtlError
                0x08005bd0       0x24 Middlewares/ST/STM32_USB_Device_Library/Core/Src/usbd_ctlreq.o
                0x08005bd0                USBD_CtlError
 .text.USBD_GetString
                0x08005bf4       0x88 Middlewares/ST/STM32_USB_Device_Library/Core/Src/usbd_ctlreq.o
                0x08005bf4                USBD_GetString
 .text.USBD_GetLen
                0x08005c7c       0x30 Middlewares/ST/STM32_USB_Device_Library/Core/Src/usbd_ctlreq.o
 .text.USBD_CtlSendData
                0x08005cac       0x38 Middlewares/ST/STM32_USB_Device_Library/Core/Src/usbd_ioreq.o
                0x08005cac                USBD_CtlSendData
 .text.USBD_CtlContinueSendData
                0x08005ce4       0x24 Middlewares/ST/STM32_USB_Device_Library/Core/Src/usbd_ioreq.o
                0x08005ce4                USBD_CtlContinueSendData
 .text.USBD_CtlPrepareRx
                0x08005d08       0x3c Middlewares/ST/STM32_USB_Device_Library/Core/Src/usbd_ioreq.o
                0x08005d08                USBD_CtlPrepareRx
 .text.USBD_CtlContinueRx
                0x08005d44       0x24 Middlewares/ST/STM32_USB_Device_Library/Core/Src/usbd_ioreq.o
                0x08005d44                USBD_CtlContinueRx
 .text.USBD_CtlSendStatus
                0x08005d68       0x28 Middlewares/ST/STM32_USB_Device_Library/Core/Src/usbd_ioreq.o
                0x08005d68                USBD_CtlSendStatus
 .text.USBD_CtlReceiveStatus
                0x08005d90       0x28 Middlewares/ST/STM32_USB_Device_Library/Core/Src/usbd_ioreq.o
                0x08005d90                USBD_CtlReceiveStatus
 .text.main     0x08005db8       0x20 Src/main.o
                0x08005db8                main
 .text.SystemClock_Config
                0x08005dd8       0xb4 Src/main.o
                0x08005dd8                SystemClock_Config
 .text.MX_SPI1_Init
                0x08005e8c       0x6c Src/main.o
 .text.MX_GPIO_Init
                0x08005ef8       0xac Src/main.o
 .text.Error_Handler
                0x08005fa4        0x8 Src/main.o
                0x08005fa4                Error_Handler
 .text.mainApp  0x08005fac      0x184 Src/mainApp.o
                0x08005fac                mainApp
 .text.SPICmd8bit
                0x08006130       0x30 Src/spi.o
                0x08006130                SPICmd8bit
 .text.SPIRead8bit
                0x08006160       0x34 Src/spi.o
                0x08006160                SPIRead8bit
 .text.SPIRead  0x08006194       0x34 Src/spi.o
                0x08006194                SPIRead
 .text.SPIWrite
                0x080061c8       0x48 Src/spi.o
                0x080061c8                SPIWrite
 .text.SPIBurstRead
                0x08006210       0x64 Src/spi.o
                0x08006210                SPIBurstRead
 .text.BurstWrite
                0x08006274       0x68 Src/spi.o
                0x08006274                BurstWrite
 .text.HAL_MspInit
                0x080062dc       0x98 Src/stm32f1xx_hal_msp.o
                0x080062dc                HAL_MspInit
 .text.HAL_SPI_MspInit
                0x08006374       0x80 Src/stm32f1xx_hal_msp.o
                0x08006374                HAL_SPI_MspInit
 .text.NMI_Handler
                0x080063f4        0xc Src/stm32f1xx_it.o
                0x080063f4                NMI_Handler
 .text.HardFault_Handler
                0x08006400        0x8 Src/stm32f1xx_it.o
                0x08006400                HardFault_Handler
 .text.MemManage_Handler
                0x08006408        0x8 Src/stm32f1xx_it.o
                0x08006408                MemManage_Handler
 .text.BusFault_Handler
                0x08006410        0x8 Src/stm32f1xx_it.o
                0x08006410                BusFault_Handler
 .text.UsageFault_Handler
                0x08006418        0x8 Src/stm32f1xx_it.o
                0x08006418                UsageFault_Handler
 .text.SVC_Handler
                0x08006420        0xc Src/stm32f1xx_it.o
                0x08006420                SVC_Handler
 .text.DebugMon_Handler
                0x0800642c        0xc Src/stm32f1xx_it.o
                0x0800642c                DebugMon_Handler
 .text.PendSV_Handler
                0x08006438        0xc Src/stm32f1xx_it.o
                0x08006438                PendSV_Handler
 .text.SysTick_Handler
                0x08006444       0x10 Src/stm32f1xx_it.o
                0x08006444                SysTick_Handler
 .text.USB_HP_CAN1_TX_IRQHandler
                0x08006454       0x14 Src/stm32f1xx_it.o
                0x08006454                USB_HP_CAN1_TX_IRQHandler
 .text.USB_LP_CAN1_RX0_IRQHandler
                0x08006468       0x14 Src/stm32f1xx_it.o
                0x08006468                USB_LP_CAN1_RX0_IRQHandler
 .text.SPI1_IRQHandler
                0x0800647c       0x14 Src/stm32f1xx_it.o
                0x0800647c                SPI1_IRQHandler
 .text.sx1276_7_8_Standby
                0x08006490       0x10 Src/sx1276_7_8.o
                0x08006490                sx1276_7_8_Standby
 .text.sx1276_7_8_Sleep
                0x080064a0       0x10 Src/sx1276_7_8.o
                0x080064a0                sx1276_7_8_Sleep
 .text.sx1276_7_8_EntryLoRa
                0x080064b0       0x10 Src/sx1276_7_8.o
                0x080064b0                sx1276_7_8_EntryLoRa
 .text.sx1276_7_8_LoRaClearIrq
                0x080064c0       0x10 Src/sx1276_7_8.o
                0x080064c0                sx1276_7_8_LoRaClearIrq
 .text.sx1276_7_8_LoRaEntryRx
                0x080064d0       0x8c Src/sx1276_7_8.o
                0x080064d0                sx1276_7_8_LoRaEntryRx
 .text.sx1276_7_8_LoRaRxPacket
                0x0800655c       0x90 Src/sx1276_7_8.o
                0x0800655c                sx1276_7_8_LoRaRxPacket
 .text.sx1276_7_8_LoRaEntryTx
                0x080065ec       0x7c Src/sx1276_7_8.o
                0x080065ec                sx1276_7_8_LoRaEntryTx
 .text.sx1276_7_8_LoRaTxPacket
                0x08006668       0x4c Src/sx1276_7_8.o
                0x08006668                sx1276_7_8_LoRaTxPacket
 .text.sx1276_7_8_Config
                0x080066b4      0x140 Src/sx1276_7_8.o
                0x080066b4                sx1276_7_8_Config
 .text.SystemInit
                0x080067f4       0x68 Src/system_stm32f1xx.o
                0x080067f4                SystemInit
 .text.MX_USB_DEVICE_Init
                0x0800685c       0x38 Src/usb_device.o
                0x0800685c                MX_USB_DEVICE_Init
 .text.CDC_Init_FS
                0x08006894       0x28 Src/usbd_cdc_if.o
 .text.CDC_DeInit_FS
                0x080068bc       0x10 Src/usbd_cdc_if.o
 .text.CDC_Control_FS
                0x080068cc       0xbc Src/usbd_cdc_if.o
 .text.CDC_Receive_FS
                0x08006988       0x28 Src/usbd_cdc_if.o
 .text.CDC_Transmit_FS
                0x080069b0       0x4c Src/usbd_cdc_if.o
                0x080069b0                CDC_Transmit_FS
 .text.HAL_PCD_MspInit
                0x080069fc       0x5c Src/usbd_conf.o
                0x080069fc                HAL_PCD_MspInit
 .text.HAL_PCD_SetupStageCallback
                0x08006a58       0x24 Src/usbd_conf.o
                0x08006a58                HAL_PCD_SetupStageCallback
 .text.HAL_PCD_DataOutStageCallback
                0x08006a7c       0x30 Src/usbd_conf.o
                0x08006a7c                HAL_PCD_DataOutStageCallback
 .text.HAL_PCD_DataInStageCallback
                0x08006aac       0x30 Src/usbd_conf.o
                0x08006aac                HAL_PCD_DataInStageCallback
 .text.HAL_PCD_SOFCallback
                0x08006adc       0x1c Src/usbd_conf.o
                0x08006adc                HAL_PCD_SOFCallback
 .text.HAL_PCD_ResetCallback
                0x08006af8       0x44 Src/usbd_conf.o
                0x08006af8                HAL_PCD_ResetCallback
 .text.HAL_PCD_SuspendCallback
                0x08006b3c       0x34 Src/usbd_conf.o
                0x08006b3c                HAL_PCD_SuspendCallback
 .text.HAL_PCD_ResumeCallback
                0x08006b70       0x1c Src/usbd_conf.o
                0x08006b70                HAL_PCD_ResumeCallback
 .text.USBD_LL_Init
                0x08006b8c       0xb8 Src/usbd_conf.o
                0x08006b8c                USBD_LL_Init
 .text.USBD_LL_Start
                0x08006c44       0x64 Src/usbd_conf.o
                0x08006c44                USBD_LL_Start
 .text.USBD_LL_OpenEP
                0x08006ca8       0x7c Src/usbd_conf.o
                0x08006ca8                USBD_LL_OpenEP
 .text.USBD_LL_CloseEP
                0x08006d24       0x6c Src/usbd_conf.o
                0x08006d24                USBD_LL_CloseEP
 .text.USBD_LL_StallEP
                0x08006d90       0x6c Src/usbd_conf.o
                0x08006d90                USBD_LL_StallEP
 .text.USBD_LL_ClearStallEP
                0x08006dfc       0x6c Src/usbd_conf.o
                0x08006dfc                USBD_LL_ClearStallEP
 .text.USBD_LL_IsStallEP
                0x08006e68       0x4c Src/usbd_conf.o
                0x08006e68                USBD_LL_IsStallEP
 .text.USBD_LL_SetUSBAddress
                0x08006eb4       0x6c Src/usbd_conf.o
                0x08006eb4                USBD_LL_SetUSBAddress
 .text.USBD_LL_Transmit
                0x08006f20       0x74 Src/usbd_conf.o
                0x08006f20                USBD_LL_Transmit
 .text.USBD_LL_PrepareReceive
                0x08006f94       0x74 Src/usbd_conf.o
                0x08006f94                USBD_LL_PrepareReceive
 .text.USBD_LL_GetRxDataSize
                0x08007008       0x28 Src/usbd_conf.o
                0x08007008                USBD_LL_GetRxDataSize
 .text.USBD_static_malloc
                0x08007030       0x18 Src/usbd_conf.o
                0x08007030                USBD_static_malloc
 .text.USBD_static_free
                0x08007048       0x14 Src/usbd_conf.o
                0x08007048                USBD_static_free
 .text.HAL_PCDEx_SetConnectionState
                0x0800705c       0x18 Src/usbd_conf.o
                0x0800705c                HAL_PCDEx_SetConnectionState
 .text.USBD_FS_DeviceDescriptor
                0x08007074       0x24 Src/usbd_desc.o
                0x08007074                USBD_FS_DeviceDescriptor
 .text.USBD_FS_LangIDStrDescriptor
                0x08007098       0x24 Src/usbd_desc.o
                0x08007098                USBD_FS_LangIDStrDescriptor
 .text.USBD_FS_ProductStrDescriptor
                0x080070bc       0x3c Src/usbd_desc.o
                0x080070bc                USBD_FS_ProductStrDescriptor
 .text.USBD_FS_ManufacturerStrDescriptor
                0x080070f8       0x28 Src/usbd_desc.o
                0x080070f8                USBD_FS_ManufacturerStrDescriptor
 .text.USBD_FS_SerialStrDescriptor
                0x08007120       0x3c Src/usbd_desc.o
                0x08007120                USBD_FS_SerialStrDescriptor
 .text.USBD_FS_ConfigStrDescriptor
                0x0800715c       0x3c Src/usbd_desc.o
                0x0800715c                USBD_FS_ConfigStrDescriptor
 .text.USBD_FS_InterfaceStrDescriptor
                0x08007198       0x3c Src/usbd_desc.o
                0x08007198                USBD_FS_InterfaceStrDescriptor
 .text.Reset_Handler
                0x080071d4       0x48 startup/startup_stm32f103xb.o
                0x080071d4                Reset_Handler
 .text.Default_Handler
                0x0800721c        0x2 startup/startup_stm32f103xb.o
                0x0800721c                RTC_Alarm_IRQHandler
                0x0800721c                EXTI2_IRQHandler
                0x0800721c                TIM1_CC_IRQHandler
                0x0800721c                PVD_IRQHandler
                0x0800721c                EXTI3_IRQHandler
                0x0800721c                EXTI0_IRQHandler
                0x0800721c                I2C2_EV_IRQHandler
                0x0800721c                ADC1_2_IRQHandler
                0x0800721c                TAMPER_IRQHandler
                0x0800721c                DMA1_Channel4_IRQHandler
                0x0800721c                USART3_IRQHandler
                0x0800721c                RTC_IRQHandler
                0x0800721c                DMA1_Channel7_IRQHandler
                0x0800721c                CAN1_RX1_IRQHandler
                0x0800721c                TIM4_IRQHandler
                0x0800721c                I2C1_EV_IRQHandler
                0x0800721c                DMA1_Channel6_IRQHandler
                0x0800721c                TIM3_IRQHandler
                0x0800721c                RCC_IRQHandler
                0x0800721c                TIM1_TRG_COM_IRQHandler
                0x0800721c                DMA1_Channel1_IRQHandler
                0x0800721c                Default_Handler
                0x0800721c                EXTI15_10_IRQHandler
                0x0800721c                EXTI9_5_IRQHandler
                0x0800721c                SPI2_IRQHandler
                0x0800721c                DMA1_Channel5_IRQHandler
                0x0800721c                EXTI4_IRQHandler
                0x0800721c                DMA1_Channel3_IRQHandler
                0x0800721c                TIM1_UP_IRQHandler
                0x0800721c                WWDG_IRQHandler
                0x0800721c                TIM2_IRQHandler
                0x0800721c                TIM1_BRK_IRQHandler
                0x0800721c                EXTI1_IRQHandler
                0x0800721c                USART2_IRQHandler
                0x0800721c                I2C2_ER_IRQHandler
                0x0800721c                DMA1_Channel2_IRQHandler
                0x0800721c                CAN1_SCE_IRQHandler
                0x0800721c                FLASH_IRQHandler
                0x0800721c                USART1_IRQHandler
                0x0800721c                I2C1_ER_IRQHandler
                0x0800721c                USBWakeUp_IRQHandler
 *fill*         0x0800721e        0x2 
 .text.__libc_init_array
                0x08007220       0x4c c:/ac6/systemworkbench/plugins/fr.ac6.mcu.externaltools.arm-none.win32_1.13.3.201707031232/tools/compiler/bin/../lib/gcc/arm-none-eabi/5.4.1/../../../../arm-none-eabi/lib/armv7-m\libc_nano.a(lib_a-init.o)
                0x08007220                __libc_init_array
 .text.sprintf  0x0800726c       0x48 c:/ac6/systemworkbench/plugins/fr.ac6.mcu.externaltools.arm-none.win32_1.13.3.201707031232/tools/compiler/bin/../lib/gcc/arm-none-eabi/5.4.1/../../../../arm-none-eabi/lib/armv7-m\libc_nano.a(lib_a-sprintf.o)
                0x0800726c                siprintf
                0x0800726c                sprintf
 .text.__ssputs_r
                0x080072b4       0xb2 c:/ac6/systemworkbench/plugins/fr.ac6.mcu.externaltools.arm-none.win32_1.13.3.201707031232/tools/compiler/bin/../lib/gcc/arm-none-eabi/5.4.1/../../../../arm-none-eabi/lib/armv7-m\libc_nano.a(lib_a-nano-svfprintf.o)
                0x080072b4                __ssputs_r
 *fill*         0x08007366        0x2 
 .text._svfprintf_r
                0x08007368      0x1e8 c:/ac6/systemworkbench/plugins/fr.ac6.mcu.externaltools.arm-none.win32_1.13.3.201707031232/tools/compiler/bin/../lib/gcc/arm-none-eabi/5.4.1/../../../../arm-none-eabi/lib/armv7-m\libc_nano.a(lib_a-nano-svfprintf.o)
                0x08007368                _svfiprintf_r
                0x08007368                _svfprintf_r
 .text._printf_common
                0x08007550       0xec c:/ac6/systemworkbench/plugins/fr.ac6.mcu.externaltools.arm-none.win32_1.13.3.201707031232/tools/compiler/bin/../lib/gcc/arm-none-eabi/5.4.1/../../../../arm-none-eabi/lib/armv7-m\libc_nano.a(lib_a-nano-vfprintf_i.o)
                0x08007550                _printf_common
 .text._printf_i
                0x0800763c      0x24c c:/ac6/systemworkbench/plugins/fr.ac6.mcu.externaltools.arm-none.win32_1.13.3.201707031232/tools/compiler/bin/../lib/gcc/arm-none-eabi/5.4.1/../../../../arm-none-eabi/lib/armv7-m\libc_nano.a(lib_a-nano-vfprintf_i.o)
                0x0800763c                _printf_i
 .text.memchr   0x08007888       0x1c c:/ac6/systemworkbench/plugins/fr.ac6.mcu.externaltools.arm-none.win32_1.13.3.201707031232/tools/compiler/bin/../lib/gcc/arm-none-eabi/5.4.1/../../../../arm-none-eabi/lib/armv7-m\libc_nano.a(lib_a-memchr-stub.o)
                0x08007888                memchr
 .text.memcpy   0x080078a4       0x16 c:/ac6/systemworkbench/plugins/fr.ac6.mcu.externaltools.arm-none.win32_1.13.3.201707031232/tools/compiler/bin/../lib/gcc/arm-none-eabi/5.4.1/../../../../arm-none-eabi/lib/armv7-m\libc_nano.a(lib_a-memcpy-stub.o)
                0x080078a4                memcpy
 .text.memmove  0x080078ba       0x36 c:/ac6/systemworkbench/plugins/fr.ac6.mcu.externaltools.arm-none.win32_1.13.3.201707031232/tools/compiler/bin/../lib/gcc/arm-none-eabi/5.4.1/../../../../arm-none-eabi/lib/armv7-m\libc_nano.a(lib_a-memmove.o)
                0x080078ba                memmove
 .text._free_r  0x080078f0       0x98 c:/ac6/systemworkbench/plugins/fr.ac6.mcu.externaltools.arm-none.win32_1.13.3.201707031232/tools/compiler/bin/../lib/gcc/arm-none-eabi/5.4.1/../../../../arm-none-eabi/lib/armv7-m\libc_nano.a(lib_a-nano-freer.o)
                0x080078f0                _free_r
 .text._malloc_r
                0x08007988       0xbc c:/ac6/systemworkbench/plugins/fr.ac6.mcu.externaltools.arm-none.win32_1.13.3.201707031232/tools/compiler/bin/../lib/gcc/arm-none-eabi/5.4.1/../../../../arm-none-eabi/lib/armv7-m\libc_nano.a(lib_a-nano-mallocr.o)
                0x08007988                _malloc_r
 .text._realloc_r
                0x08007a44       0x4c c:/ac6/systemworkbench/plugins/fr.ac6.mcu.externaltools.arm-none.win32_1.13.3.201707031232/tools/compiler/bin/../lib/gcc/arm-none-eabi/5.4.1/../../../../arm-none-eabi/lib/armv7-m\libc_nano.a(lib_a-nano-reallocr.o)
                0x08007a44                _realloc_r
 .text._sbrk_r  0x08007a90       0x20 c:/ac6/systemworkbench/plugins/fr.ac6.mcu.externaltools.arm-none.win32_1.13.3.201707031232/tools/compiler/bin/../lib/gcc/arm-none-eabi/5.4.1/../../../../arm-none-eabi/lib/armv7-m\libc_nano.a(lib_a-sbrkr.o)
                0x08007a90                _sbrk_r
 .text.__malloc_lock
                0x08007ab0        0x2 c:/ac6/systemworkbench/plugins/fr.ac6.mcu.externaltools.arm-none.win32_1.13.3.201707031232/tools/compiler/bin/../lib/gcc/arm-none-eabi/5.4.1/../../../../arm-none-eabi/lib/armv7-m\libc_nano.a(lib_a-mlock.o)
                0x08007ab0                __malloc_lock
 .text.__malloc_unlock
                0x08007ab2        0x2 c:/ac6/systemworkbench/plugins/fr.ac6.mcu.externaltools.arm-none.win32_1.13.3.201707031232/tools/compiler/bin/../lib/gcc/arm-none-eabi/5.4.1/../../../../arm-none-eabi/lib/armv7-m\libc_nano.a(lib_a-mlock.o)
                0x08007ab2                __malloc_unlock
 .text._malloc_usable_size_r
                0x08007ab4       0x14 c:/ac6/systemworkbench/plugins/fr.ac6.mcu.externaltools.arm-none.win32_1.13.3.201707031232/tools/compiler/bin/../lib/gcc/arm-none-eabi/5.4.1/../../../../arm-none-eabi/lib/armv7-m\libc_nano.a(lib_a-nano-msizer.o)
                0x08007ab4                _malloc_usable_size_r
 .text._sbrk    0x08007ac8       0x1c c:/ac6/systemworkbench/plugins/fr.ac6.mcu.externaltools.arm-none.win32_1.13.3.201707031232/tools/compiler/bin/../lib/gcc/arm-none-eabi/5.4.1/../../../../arm-none-eabi/lib/armv7-m\libnosys.a(sbrk.o)
                0x08007ac8                _sbrk
 *(.glue_7)
 .glue_7        0x08007ae4        0x0 linker stubs
 *(.glue_7t)
 .glue_7t       0x08007ae4        0x0 linker stubs
 *(.eh_frame)
 .eh_frame      0x08007ae4        0x0 c:/ac6/systemworkbench/plugins/fr.ac6.mcu.externaltools.arm-none.win32_1.13.3.201707031232/tools/compiler/bin/../lib/gcc/arm-none-eabi/5.4.1/armv7-m/crtbegin.o
 *(.init)
 .init          0x08007ae4        0x4 c:/ac6/systemworkbench/plugins/fr.ac6.mcu.externaltools.arm-none.win32_1.13.3.201707031232/tools/compiler/bin/../lib/gcc/arm-none-eabi/5.4.1/armv7-m/crti.o
                0x08007ae4                _init
 .init          0x08007ae8        0x8 c:/ac6/systemworkbench/plugins/fr.ac6.mcu.externaltools.arm-none.win32_1.13.3.201707031232/tools/compiler/bin/../lib/gcc/arm-none-eabi/5.4.1/armv7-m/crtn.o
 *(.fini)
 .fini          0x08007af0        0x4 c:/ac6/systemworkbench/plugins/fr.ac6.mcu.externaltools.arm-none.win32_1.13.3.201707031232/tools/compiler/bin/../lib/gcc/arm-none-eabi/5.4.1/armv7-m/crti.o
                0x08007af0                _fini
 .fini          0x08007af4        0x8 c:/ac6/systemworkbench/plugins/fr.ac6.mcu.externaltools.arm-none.win32_1.13.3.201707031232/tools/compiler/bin/../lib/gcc/arm-none-eabi/5.4.1/armv7-m/crtn.o
                0x08007afc                . = ALIGN (0x4)
                0x08007afc                _etext = .

.vfp11_veneer   0x08007afc        0x0
 .vfp11_veneer  0x08007afc        0x0 linker stubs

.v4_bx          0x08007afc        0x0
 .v4_bx         0x08007afc        0x0 linker stubs

.iplt           0x08007afc        0x0
 .iplt          0x08007afc        0x0 c:/ac6/systemworkbench/plugins/fr.ac6.mcu.externaltools.arm-none.win32_1.13.3.201707031232/tools/compiler/bin/../lib/gcc/arm-none-eabi/5.4.1/armv7-m/crtbegin.o

.rodata         0x08007afc      0x108
                0x08007afc                . = ALIGN (0x4)
 *(.rodata)
 .rodata        0x08007afc       0x12 Drivers/STM32F1xx_HAL_Driver/Src/stm32f1xx_hal_rcc.o
 *fill*         0x08007b0e        0x2 
 .rodata        0x08007b10       0x31 Src/mainApp.o
 *fill*         0x08007b41        0x3 
 .rodata        0x08007b44       0x1a Src/sx1276_7_8.o
                0x08007b44                sx1276_7_8FreqTbl
                0x08007b48                sx1276_7_8PowerTbl
                0x08007b4c                sx1276_7_8SpreadFactorTbl
                0x08007b54                sx1276_7_8LoRaBwTbl
 *fill*         0x08007b5e        0x2 
 .rodata        0x08007b60       0x18 Src/system_stm32f1xx.o
                0x08007b60                AHBPrescTable
                0x08007b70                APBPrescTable
 .rodata        0x08007b78       0x56 Src/usbd_desc.o
 *(.rodata*)
 .rodata.str1.1
                0x08007bce       0x11 c:/ac6/systemworkbench/plugins/fr.ac6.mcu.externaltools.arm-none.win32_1.13.3.201707031232/tools/compiler/bin/../lib/gcc/arm-none-eabi/5.4.1/../../../../arm-none-eabi/lib/armv7-m\libc_nano.a(lib_a-nano-svfprintf.o)
 .rodata.str1.1
                0x08007bdf       0x22 c:/ac6/systemworkbench/plugins/fr.ac6.mcu.externaltools.arm-none.win32_1.13.3.201707031232/tools/compiler/bin/../lib/gcc/arm-none-eabi/5.4.1/../../../../arm-none-eabi/lib/armv7-m\libc_nano.a(lib_a-nano-vfprintf_i.o)
                0x08007c04                . = ALIGN (0x4)
 *fill*         0x08007c01        0x3 

.rel.dyn        0x08007c04        0x0
 .rel.iplt      0x08007c04        0x0 c:/ac6/systemworkbench/plugins/fr.ac6.mcu.externaltools.arm-none.win32_1.13.3.201707031232/tools/compiler/bin/../lib/gcc/arm-none-eabi/5.4.1/armv7-m/crtbegin.o

.ARM.extab
 *(.ARM.extab* .gnu.linkonce.armextab.*)

.ARM            0x08007c04        0x0
                0x08007c04                __exidx_start = .
 *(.ARM.exidx*)
                0x08007c04                __exidx_end = .

.preinit_array  0x08007c04        0x0
                0x08007c04                PROVIDE (__preinit_array_start, .)
 *(.preinit_array*)
                0x08007c04                PROVIDE (__preinit_array_end, .)

.init_array     0x08007c04        0x4
                0x08007c04                PROVIDE (__init_array_start, .)
 *(SORT(.init_array.*))
 *(.init_array*)
 .init_array    0x08007c04        0x4 c:/ac6/systemworkbench/plugins/fr.ac6.mcu.externaltools.arm-none.win32_1.13.3.201707031232/tools/compiler/bin/../lib/gcc/arm-none-eabi/5.4.1/armv7-m/crtbegin.o
                0x08007c08                PROVIDE (__init_array_end, .)

.fini_array     0x08007c08        0x4
                [!provide]                PROVIDE (__fini_array_start, .)
 *(SORT(.fini_array.*))
 *(.fini_array*)
 .fini_array    0x08007c08        0x4 c:/ac6/systemworkbench/plugins/fr.ac6.mcu.externaltools.arm-none.win32_1.13.3.201707031232/tools/compiler/bin/../lib/gcc/arm-none-eabi/5.4.1/armv7-m/crtbegin.o
                [!provide]                PROVIDE (__fini_array_end, .)
                0x08007c0c                _sidata = LOADADDR (.data)

.data           0x20000000      0x1fc load address 0x08007c0c
                0x20000000                . = ALIGN (0x4)
                0x20000000                _sdata = .
 *(.data)
 .data          0x20000000      0x10f Middlewares/ST/STM32_USB_Device_Library/Class/CDC/Src/usbd_cdc.o
                0x2000000c                USBD_CDC
                0x20000044                USBD_CDC_CfgHSDesc
                0x20000088                USBD_CDC_CfgFSDesc
                0x200000cc                USBD_CDC_OtherSpeedCfgDesc
 *fill*         0x2000010f        0x1 
 .data          0x20000110       0x40 Src/sx1276_7_8.o
                0x20000110                sx1276_7_8Data
 .data          0x20000150        0x4 Src/system_stm32f1xx.o
                0x20000150                SystemCoreClock
 .data          0x20000154       0x10 Src/usbd_cdc_if.o
                0x20000154                USBD_Interface_fops_FS
 .data          0x20000164       0x34 Src/usbd_desc.o
                0x20000164                FS_Desc
                0x20000180                USBD_FS_DeviceDesc
                0x20000194                USBD_LangIDDesc
 *(.data*)
 .data.impure_data
                0x20000198       0x60 c:/ac6/systemworkbench/plugins/fr.ac6.mcu.externaltools.arm-none.win32_1.13.3.201707031232/tools/compiler/bin/../lib/gcc/arm-none-eabi/5.4.1/../../../../arm-none-eabi/lib/armv7-m\libc_nano.a(lib_a-impure.o)
 .data._impure_ptr
                0x200001f8        0x4 c:/ac6/systemworkbench/plugins/fr.ac6.mcu.externaltools.arm-none.win32_1.13.3.201707031232/tools/compiler/bin/../lib/gcc/arm-none-eabi/5.4.1/../../../../arm-none-eabi/lib/armv7-m\libc_nano.a(lib_a-impure.o)
                0x200001f8                _impure_ptr
                0x200001fc                . = ALIGN (0x4)
                0x200001fc                _edata = .

.jcr            0x200001fc        0x0 load address 0x08007e08
 .jcr           0x200001fc        0x0 c:/ac6/systemworkbench/plugins/fr.ac6.mcu.externaltools.arm-none.win32_1.13.3.201707031232/tools/compiler/bin/../lib/gcc/arm-none-eabi/5.4.1/armv7-m/crtbegin.o

.igot.plt       0x200001fc        0x0 load address 0x08007e08
 .igot.plt      0x200001fc        0x0 c:/ac6/systemworkbench/plugins/fr.ac6.mcu.externaltools.arm-none.win32_1.13.3.201707031232/tools/compiler/bin/../lib/gcc/arm-none-eabi/5.4.1/armv7-m/crtbegin.o
                0x200001fc                . = ALIGN (0x4)

.bss            0x200001fc      0xb90 load address 0x08007e08
                0x200001fc                _sbss = .
                0x200001fc                __bss_start__ = _sbss
 *(.bss)
 .bss           0x200001fc       0x1c c:/ac6/systemworkbench/plugins/fr.ac6.mcu.externaltools.arm-none.win32_1.13.3.201707031232/tools/compiler/bin/../lib/gcc/arm-none-eabi/5.4.1/armv7-m/crtbegin.o
 .bss           0x20000218        0x4 Drivers/STM32F1xx_HAL_Driver/Src/stm32f1xx_hal.o
 .bss           0x2000021c        0x1 Drivers/STM32F1xx_HAL_Driver/Src/stm32f1xx_hal_spi_ex.o
                0x2000021c                uCRCErrorWorkaroundCheck
 .bss           0x2000021d        0x1 Middlewares/ST/STM32_USB_Device_Library/Class/CDC/Src/usbd_cdc.o
 .bss           0x2000021e        0x1 Middlewares/ST/STM32_USB_Device_Library/Core/Src/usbd_ctlreq.o
 *fill*         0x2000021f        0x1 
 .bss           0x20000220      0x220 Src/usbd_conf.o
 *(.bss*)
 .bss.__malloc_sbrk_start
                0x20000440        0x4 c:/ac6/systemworkbench/plugins/fr.ac6.mcu.externaltools.arm-none.win32_1.13.3.201707031232/tools/compiler/bin/../lib/gcc/arm-none-eabi/5.4.1/../../../../arm-none-eabi/lib/armv7-m\libc_nano.a(lib_a-nano-mallocr.o)
                0x20000440                __malloc_sbrk_start
 .bss.__malloc_free_list
                0x20000444        0x4 c:/ac6/systemworkbench/plugins/fr.ac6.mcu.externaltools.arm-none.win32_1.13.3.201707031232/tools/compiler/bin/../lib/gcc/arm-none-eabi/5.4.1/../../../../arm-none-eabi/lib/armv7-m\libc_nano.a(lib_a-nano-mallocr.o)
                0x20000444                __malloc_free_list
 .bss.heap_end.4167
                0x20000448        0x4 c:/ac6/systemworkbench/plugins/fr.ac6.mcu.externaltools.arm-none.win32_1.13.3.201707031232/tools/compiler/bin/../lib/gcc/arm-none-eabi/5.4.1/../../../../arm-none-eabi/lib/armv7-m\libnosys.a(sbrk.o)
 *(COMMON)
 COMMON         0x2000044c       0x58 Src/main.o
                0x2000044c                hspi1
 COMMON         0x200004a4       0x56 Src/mainApp.o
                0x200004a4                key_flag
                0x200004a5                operation_flag
                0x200004a6                SysTime
                0x200004a8                BandWide_Sel
                0x200004a9                key1_count
                0x200004aa                Fsk_Rate_Sel
                0x200004ab                time_flag
                0x200004ac                rf_rx_packet_length
                0x200004b0                strBuf
                0x200004f0                key2_time_count
                0x200004f2                mode
                0x200004f3                Power_Sel
                0x200004f4                Freq_Sel
                0x200004f5                Lora_Rate_Sel
                0x200004f6                key1_time_count
                0x200004f8                time2_count
 *fill*         0x200004fa        0x2 
 COMMON         0x200004fc       0x40 Src/sx1276_7_8.o
                0x200004fc                RxData
 COMMON         0x2000053c      0x224 Src/usb_device.o
                0x2000053c                hUsbDeviceFS
 COMMON         0x20000760        0x8 Src/usbd_cdc_if.o
                0x20000760                UserRxBufferFS
                0x20000764                UserTxBufferFS
 COMMON         0x20000768      0x420 Src/usbd_conf.o
                0x20000768                hpcd_USB_FS
 COMMON         0x20000b88      0x200 Src/usbd_desc.o
                0x20000b88                USBD_StrDesc
 COMMON         0x20000d88        0x4 c:/ac6/systemworkbench/plugins/fr.ac6.mcu.externaltools.arm-none.win32_1.13.3.201707031232/tools/compiler/bin/../lib/gcc/arm-none-eabi/5.4.1/../../../../arm-none-eabi/lib/armv7-m\libc_nano.a(lib_a-reent.o)
                0x20000d88                errno
                0x20000d8c                . = ALIGN (0x4)
                0x20000d8c                _ebss = .
                0x20000d8c                __bss_end__ = _ebss

._user_heap_stack
                0x20000d8c      0x604 load address 0x08007e08
                0x20000d90                . = ALIGN (0x8)
 *fill*         0x20000d8c        0x4 
                0x20000d90                PROVIDE (end, .)
                [!provide]                PROVIDE (_end, .)
                0x20000f90                . = (. + _Min_Heap_Size)
 *fill*         0x20000d90      0x200 
                0x20001390                . = (. + _Min_Stack_Size)
 *fill*         0x20000f90      0x400 
                0x20001390                . = ALIGN (0x8)

/DISCARD/
 libc.a(*)
 libm.a(*)
 libgcc.a(*)

.ARM.attributes
                0x00000000       0x29
 *(.ARM.attributes)
 .ARM.attributes
                0x00000000       0x1d c:/ac6/systemworkbench/plugins/fr.ac6.mcu.externaltools.arm-none.win32_1.13.3.201707031232/tools/compiler/bin/../lib/gcc/arm-none-eabi/5.4.1/armv7-m/crti.o
 .ARM.attributes
                0x0000001d       0x2d c:/ac6/systemworkbench/plugins/fr.ac6.mcu.externaltools.arm-none.win32_1.13.3.201707031232/tools/compiler/bin/../lib/gcc/arm-none-eabi/5.4.1/armv7-m/crtbegin.o
 .ARM.attributes
                0x0000004a       0x33 Drivers/STM32F1xx_HAL_Driver/Src/stm32f1xx_hal.o
 .ARM.attributes
                0x0000007d       0x33 Drivers/STM32F1xx_HAL_Driver/Src/stm32f1xx_hal_cortex.o
 .ARM.attributes
                0x000000b0       0x33 Drivers/STM32F1xx_HAL_Driver/Src/stm32f1xx_hal_gpio.o
 .ARM.attributes
                0x000000e3       0x33 Drivers/STM32F1xx_HAL_Driver/Src/stm32f1xx_hal_pcd.o
 .ARM.attributes
                0x00000116       0x33 Drivers/STM32F1xx_HAL_Driver/Src/stm32f1xx_hal_pcd_ex.o
 .ARM.attributes
                0x00000149       0x33 Drivers/STM32F1xx_HAL_Driver/Src/stm32f1xx_hal_rcc.o
 .ARM.attributes
                0x0000017c       0x33 Drivers/STM32F1xx_HAL_Driver/Src/stm32f1xx_hal_rcc_ex.o
 .ARM.attributes
                0x000001af       0x33 Drivers/STM32F1xx_HAL_Driver/Src/stm32f1xx_hal_spi.o
 .ARM.attributes
                0x000001e2       0x33 Drivers/STM32F1xx_HAL_Driver/Src/stm32f1xx_hal_spi_ex.o
 .ARM.attributes
                0x00000215       0x33 Drivers/STM32F1xx_HAL_Driver/Src/stm32f1xx_ll_usb.o
 .ARM.attributes
                0x00000248       0x33 Middlewares/ST/STM32_USB_Device_Library/Class/CDC/Src/usbd_cdc.o
 .ARM.attributes
                0x0000027b       0x33 Middlewares/ST/STM32_USB_Device_Library/Core/Src/usbd_core.o
 .ARM.attributes
                0x000002ae       0x33 Middlewares/ST/STM32_USB_Device_Library/Core/Src/usbd_ctlreq.o
 .ARM.attributes
                0x000002e1       0x33 Middlewares/ST/STM32_USB_Device_Library/Core/Src/usbd_ioreq.o
 .ARM.attributes
                0x00000314       0x33 Src/main.o
 .ARM.attributes
                0x00000347       0x33 Src/mainApp.o
 .ARM.attributes
                0x0000037a       0x33 Src/spi.o
 .ARM.attributes
                0x000003ad       0x33 Src/stm32f1xx_hal_msp.o
 .ARM.attributes
                0x000003e0       0x33 Src/stm32f1xx_it.o
 .ARM.attributes
                0x00000413       0x33 Src/sx1276_7_8.o
 .ARM.attributes
                0x00000446       0x33 Src/system_stm32f1xx.o
 .ARM.attributes
                0x00000479       0x33 Src/usb_device.o
 .ARM.attributes
                0x000004ac       0x33 Src/usbd_cdc_if.o
 .ARM.attributes
                0x000004df       0x33 Src/usbd_conf.o
 .ARM.attributes
                0x00000512       0x33 Src/usbd_desc.o
 .ARM.attributes
                0x00000545       0x21 startup/startup_stm32f103xb.o
 .ARM.attributes
                0x00000566       0x2d c:/ac6/systemworkbench/plugins/fr.ac6.mcu.externaltools.arm-none.win32_1.13.3.201707031232/tools/compiler/bin/../lib/gcc/arm-none-eabi/5.4.1/../../../../arm-none-eabi/lib/armv7-m\libc_nano.a(lib_a-impure.o)
 .ARM.attributes
                0x00000593       0x2d c:/ac6/systemworkbench/plugins/fr.ac6.mcu.externaltools.arm-none.win32_1.13.3.201707031232/tools/compiler/bin/../lib/gcc/arm-none-eabi/5.4.1/../../../../arm-none-eabi/lib/armv7-m\libc_nano.a(lib_a-init.o)
 .ARM.attributes
                0x000005c0       0x2d c:/ac6/systemworkbench/plugins/fr.ac6.mcu.externaltools.arm-none.win32_1.13.3.201707031232/tools/compiler/bin/../lib/gcc/arm-none-eabi/5.4.1/../../../../arm-none-eabi/lib/armv7-m\libc_nano.a(lib_a-sprintf.o)
 .ARM.attributes
                0x000005ed       0x17 c:/ac6/systemworkbench/plugins/fr.ac6.mcu.externaltools.arm-none.win32_1.13.3.201707031232/tools/compiler/bin/../lib/gcc/arm-none-eabi/5.4.1/../../../../arm-none-eabi/lib/armv7-m\libc_nano.a(lib_a-strlen.o)
 .ARM.attributes
                0x00000604       0x2d c:/ac6/systemworkbench/plugins/fr.ac6.mcu.externaltools.arm-none.win32_1.13.3.201707031232/tools/compiler/bin/../lib/gcc/arm-none-eabi/5.4.1/../../../../arm-none-eabi/lib/armv7-m\libc_nano.a(lib_a-nano-svfprintf.o)
 .ARM.attributes
                0x00000631       0x2d c:/ac6/systemworkbench/plugins/fr.ac6.mcu.externaltools.arm-none.win32_1.13.3.201707031232/tools/compiler/bin/../lib/gcc/arm-none-eabi/5.4.1/../../../../arm-none-eabi/lib/armv7-m\libc_nano.a(lib_a-nano-vfprintf_i.o)
 .ARM.attributes
                0x0000065e       0x2d c:/ac6/systemworkbench/plugins/fr.ac6.mcu.externaltools.arm-none.win32_1.13.3.201707031232/tools/compiler/bin/../lib/gcc/arm-none-eabi/5.4.1/../../../../arm-none-eabi/lib/armv7-m\libc_nano.a(lib_a-memchr-stub.o)
 .ARM.attributes
                0x0000068b       0x2d c:/ac6/systemworkbench/plugins/fr.ac6.mcu.externaltools.arm-none.win32_1.13.3.201707031232/tools/compiler/bin/../lib/gcc/arm-none-eabi/5.4.1/../../../../arm-none-eabi/lib/armv7-m\libc_nano.a(lib_a-memcpy-stub.o)
 .ARM.attributes
                0x000006b8       0x2d c:/ac6/systemworkbench/plugins/fr.ac6.mcu.externaltools.arm-none.win32_1.13.3.201707031232/tools/compiler/bin/../lib/gcc/arm-none-eabi/5.4.1/../../../../arm-none-eabi/lib/armv7-m\libc_nano.a(lib_a-memmove.o)
 .ARM.attributes
                0x000006e5       0x2d c:/ac6/systemworkbench/plugins/fr.ac6.mcu.externaltools.arm-none.win32_1.13.3.201707031232/tools/compiler/bin/../lib/gcc/arm-none-eabi/5.4.1/../../../../arm-none-eabi/lib/armv7-m\libc_nano.a(lib_a-nano-freer.o)
 .ARM.attributes
                0x00000712       0x2d c:/ac6/systemworkbench/plugins/fr.ac6.mcu.externaltools.arm-none.win32_1.13.3.201707031232/tools/compiler/bin/../lib/gcc/arm-none-eabi/5.4.1/../../../../arm-none-eabi/lib/armv7-m\libc_nano.a(lib_a-nano-mallocr.o)
 .ARM.attributes
                0x0000073f       0x2d c:/ac6/systemworkbench/plugins/fr.ac6.mcu.externaltools.arm-none.win32_1.13.3.201707031232/tools/compiler/bin/../lib/gcc/arm-none-eabi/5.4.1/../../../../arm-none-eabi/lib/armv7-m\libc_nano.a(lib_a-nano-reallocr.o)
 .ARM.attributes
                0x0000076c       0x2d c:/ac6/systemworkbench/plugins/fr.ac6.mcu.externaltools.arm-none.win32_1.13.3.201707031232/tools/compiler/bin/../lib/gcc/arm-none-eabi/5.4.1/../../../../arm-none-eabi/lib/armv7-m\libc_nano.a(lib_a-sbrkr.o)
 .ARM.attributes
                0x00000799       0x2d c:/ac6/systemworkbench/plugins/fr.ac6.mcu.externaltools.arm-none.win32_1.13.3.201707031232/tools/compiler/bin/../lib/gcc/arm-none-eabi/5.4.1/../../../../arm-none-eabi/lib/armv7-m\libc_nano.a(lib_a-mlock.o)
 .ARM.attributes
                0x000007c6       0x2d c:/ac6/systemworkbench/plugins/fr.ac6.mcu.externaltools.arm-none.win32_1.13.3.201707031232/tools/compiler/bin/../lib/gcc/arm-none-eabi/5.4.1/../../../../arm-none-eabi/lib/armv7-m\libc_nano.a(lib_a-nano-msizer.o)
 .ARM.attributes
                0x000007f3       0x2d c:/ac6/systemworkbench/plugins/fr.ac6.mcu.externaltools.arm-none.win32_1.13.3.201707031232/tools/compiler/bin/../lib/gcc/arm-none-eabi/5.4.1/../../../../arm-none-eabi/lib/armv7-m\libc_nano.a(lib_a-reent.o)
 .ARM.attributes
                0x00000820       0x2d c:/ac6/systemworkbench/plugins/fr.ac6.mcu.externaltools.arm-none.win32_1.13.3.201707031232/tools/compiler/bin/../lib/gcc/arm-none-eabi/5.4.1/../../../../arm-none-eabi/lib/armv7-m\libnosys.a(sbrk.o)
 .ARM.attributes
                0x0000084d       0x1d c:/ac6/systemworkbench/plugins/fr.ac6.mcu.externaltools.arm-none.win32_1.13.3.201707031232/tools/compiler/bin/../lib/gcc/arm-none-eabi/5.4.1/armv7-m/crtn.o
OUTPUT(LoraSTM32.elf elf32-littlearm)

.debug_info     0x00000000     0xda30
 .debug_info    0x00000000      0x5e7 Drivers/STM32F1xx_HAL_Driver/Src/stm32f1xx_hal.o
 .debug_info    0x000005e7      0xac3 Drivers/STM32F1xx_HAL_Driver/Src/stm32f1xx_hal_cortex.o
 .debug_info    0x000010aa      0x5f9 Drivers/STM32F1xx_HAL_Driver/Src/stm32f1xx_hal_gpio.o
 .debug_info    0x000016a3      0xcba Drivers/STM32F1xx_HAL_Driver/Src/stm32f1xx_hal_pcd.o
 .debug_info    0x0000235d      0x5a6 Drivers/STM32F1xx_HAL_Driver/Src/stm32f1xx_hal_pcd_ex.o
 .debug_info    0x00002903     0x13fd Drivers/STM32F1xx_HAL_Driver/Src/stm32f1xx_hal_rcc.o
 .debug_info    0x00003d00      0x545 Drivers/STM32F1xx_HAL_Driver/Src/stm32f1xx_hal_rcc_ex.o
 .debug_info    0x00004245      0xe66 Drivers/STM32F1xx_HAL_Driver/Src/stm32f1xx_hal_spi.o
 .debug_info    0x000050ab      0x58f Drivers/STM32F1xx_HAL_Driver/Src/stm32f1xx_hal_spi_ex.o
 .debug_info    0x0000563a      0xe68 Drivers/STM32F1xx_HAL_Driver/Src/stm32f1xx_ll_usb.o
 .debug_info    0x000064a2      0xa5a Middlewares/ST/STM32_USB_Device_Library/Class/CDC/Src/usbd_cdc.o
 .debug_info    0x00006efc      0x90e Middlewares/ST/STM32_USB_Device_Library/Core/Src/usbd_core.o
 .debug_info    0x0000780a      0x86f Middlewares/ST/STM32_USB_Device_Library/Core/Src/usbd_ctlreq.o
 .debug_info    0x00008079      0x66f Middlewares/ST/STM32_USB_Device_Library/Core/Src/usbd_ioreq.o
 .debug_info    0x000086e8      0xa18 Src/main.o
 .debug_info    0x00009100      0x2fa Src/mainApp.o
 .debug_info    0x000093fa      0x6f4 Src/spi.o
 .debug_info    0x00009aee      0x897 Src/stm32f1xx_hal_msp.o
 .debug_info    0x0000a385      0x999 Src/stm32f1xx_it.o
 .debug_info    0x0000ad1e      0x40c Src/sx1276_7_8.o
 .debug_info    0x0000b12a      0x3e8 Src/system_stm32f1xx.o
 .debug_info    0x0000b512      0x594 Src/usb_device.o
 .debug_info    0x0000baa6      0x760 Src/usbd_cdc_if.o
 .debug_info    0x0000c206     0x142e Src/usbd_conf.o
 .debug_info    0x0000d634      0x385 Src/usbd_desc.o
 .debug_info    0x0000d9b9       0x77 startup/startup_stm32f103xb.o

.debug_abbrev   0x00000000     0x2a59
 .debug_abbrev  0x00000000      0x1fb Drivers/STM32F1xx_HAL_Driver/Src/stm32f1xx_hal.o
 .debug_abbrev  0x000001fb      0x273 Drivers/STM32F1xx_HAL_Driver/Src/stm32f1xx_hal_cortex.o
 .debug_abbrev  0x0000046e      0x1af Drivers/STM32F1xx_HAL_Driver/Src/stm32f1xx_hal_gpio.o
 .debug_abbrev  0x0000061d      0x235 Drivers/STM32F1xx_HAL_Driver/Src/stm32f1xx_hal_pcd.o
 .debug_abbrev  0x00000852      0x15f Drivers/STM32F1xx_HAL_Driver/Src/stm32f1xx_hal_pcd_ex.o
 .debug_abbrev  0x000009b1      0x279 Drivers/STM32F1xx_HAL_Driver/Src/stm32f1xx_hal_rcc.o
 .debug_abbrev  0x00000c2a      0x1ee Drivers/STM32F1xx_HAL_Driver/Src/stm32f1xx_hal_rcc_ex.o
 .debug_abbrev  0x00000e18      0x200 Drivers/STM32F1xx_HAL_Driver/Src/stm32f1xx_hal_spi.o
 .debug_abbrev  0x00001018      0x154 Drivers/STM32F1xx_HAL_Driver/Src/stm32f1xx_hal_spi_ex.o
 .debug_abbrev  0x0000116c      0x191 Drivers/STM32F1xx_HAL_Driver/Src/stm32f1xx_ll_usb.o
 .debug_abbrev  0x000012fd      0x1e5 Middlewares/ST/STM32_USB_Device_Library/Class/CDC/Src/usbd_cdc.o
 .debug_abbrev  0x000014e2      0x1c0 Middlewares/ST/STM32_USB_Device_Library/Core/Src/usbd_core.o
 .debug_abbrev  0x000016a2      0x1f0 Middlewares/ST/STM32_USB_Device_Library/Core/Src/usbd_ctlreq.o
 .debug_abbrev  0x00001892      0x130 Middlewares/ST/STM32_USB_Device_Library/Core/Src/usbd_ioreq.o
 .debug_abbrev  0x000019c2      0x1b3 Src/main.o
 .debug_abbrev  0x00001b75      0x10c Src/mainApp.o
 .debug_abbrev  0x00001c81      0x193 Src/spi.o
 .debug_abbrev  0x00001e14      0x158 Src/stm32f1xx_hal_msp.o
 .debug_abbrev  0x00001f6c      0x16b Src/stm32f1xx_it.o
 .debug_abbrev  0x000020d7      0x1a4 Src/sx1276_7_8.o
 .debug_abbrev  0x0000227b      0x125 Src/system_stm32f1xx.o
 .debug_abbrev  0x000023a0      0x139 Src/usb_device.o
 .debug_abbrev  0x000024d9      0x1ea Src/usbd_cdc_if.o
 .debug_abbrev  0x000026c3      0x245 Src/usbd_conf.o
 .debug_abbrev  0x00002908      0x13f Src/usbd_desc.o
 .debug_abbrev  0x00002a47       0x12 startup/startup_stm32f103xb.o

.debug_aranges  0x00000000      0xc78
 .debug_aranges
                0x00000000       0xb0 Drivers/STM32F1xx_HAL_Driver/Src/stm32f1xx_hal.o
 .debug_aranges
                0x000000b0      0x100 Drivers/STM32F1xx_HAL_Driver/Src/stm32f1xx_hal_cortex.o
 .debug_aranges
                0x000001b0       0x58 Drivers/STM32F1xx_HAL_Driver/Src/stm32f1xx_hal_gpio.o
 .debug_aranges
                0x00000208      0x120 Drivers/STM32F1xx_HAL_Driver/Src/stm32f1xx_hal_pcd.o
 .debug_aranges
                0x00000328       0x28 Drivers/STM32F1xx_HAL_Driver/Src/stm32f1xx_hal_pcd_ex.o
 .debug_aranges
                0x00000350       0x88 Drivers/STM32F1xx_HAL_Driver/Src/stm32f1xx_hal_rcc.o
 .debug_aranges
                0x000003d8       0x30 Drivers/STM32F1xx_HAL_Driver/Src/stm32f1xx_hal_rcc_ex.o
 .debug_aranges
                0x00000408      0x158 Drivers/STM32F1xx_HAL_Driver/Src/stm32f1xx_hal_spi.o
 .debug_aranges
                0x00000560       0x28 Drivers/STM32F1xx_HAL_Driver/Src/stm32f1xx_hal_spi_ex.o
 .debug_aranges
                0x00000588      0x100 Drivers/STM32F1xx_HAL_Driver/Src/stm32f1xx_ll_usb.o
 .debug_aranges
                0x00000688       0x90 Middlewares/ST/STM32_USB_Device_Library/Class/CDC/Src/usbd_cdc.o
 .debug_aranges
                0x00000718       0xb8 Middlewares/ST/STM32_USB_Device_Library/Core/Src/usbd_core.o
 .debug_aranges
                0x000007d0       0x88 Middlewares/ST/STM32_USB_Device_Library/Core/Src/usbd_ctlreq.o
 .debug_aranges
                0x00000858       0x50 Middlewares/ST/STM32_USB_Device_Library/Core/Src/usbd_ioreq.o
 .debug_aranges
                0x000008a8       0x40 Src/main.o
 .debug_aranges
                0x000008e8       0x20 Src/mainApp.o
 .debug_aranges
                0x00000908       0x48 Src/spi.o
 .debug_aranges
                0x00000950       0x30 Src/stm32f1xx_hal_msp.o
 .debug_aranges
                0x00000980       0x78 Src/stm32f1xx_it.o
 .debug_aranges
                0x000009f8       0x70 Src/sx1276_7_8.o
 .debug_aranges
                0x00000a68       0x28 Src/system_stm32f1xx.o
 .debug_aranges
                0x00000a90       0x20 Src/usb_device.o
 .debug_aranges
                0x00000ab0       0x40 Src/usbd_cdc_if.o
 .debug_aranges
                0x00000af0      0x110 Src/usbd_conf.o
 .debug_aranges
                0x00000c00       0x50 Src/usbd_desc.o
 .debug_aranges
                0x00000c50       0x28 startup/startup_stm32f103xb.o

.debug_ranges   0x00000000      0xae0
 .debug_ranges  0x00000000       0xa0 Drivers/STM32F1xx_HAL_Driver/Src/stm32f1xx_hal.o
 .debug_ranges  0x000000a0       0xf0 Drivers/STM32F1xx_HAL_Driver/Src/stm32f1xx_hal_cortex.o
 .debug_ranges  0x00000190       0x48 Drivers/STM32F1xx_HAL_Driver/Src/stm32f1xx_hal_gpio.o
 .debug_ranges  0x000001d8      0x110 Drivers/STM32F1xx_HAL_Driver/Src/stm32f1xx_hal_pcd.o
 .debug_ranges  0x000002e8       0x18 Drivers/STM32F1xx_HAL_Driver/Src/stm32f1xx_hal_pcd_ex.o
 .debug_ranges  0x00000300       0x78 Drivers/STM32F1xx_HAL_Driver/Src/stm32f1xx_hal_rcc.o
 .debug_ranges  0x00000378       0x20 Drivers/STM32F1xx_HAL_Driver/Src/stm32f1xx_hal_rcc_ex.o
 .debug_ranges  0x00000398      0x148 Drivers/STM32F1xx_HAL_Driver/Src/stm32f1xx_hal_spi.o
 .debug_ranges  0x000004e0       0x18 Drivers/STM32F1xx_HAL_Driver/Src/stm32f1xx_hal_spi_ex.o
 .debug_ranges  0x000004f8       0xf0 Drivers/STM32F1xx_HAL_Driver/Src/stm32f1xx_ll_usb.o
 .debug_ranges  0x000005e8       0x80 Middlewares/ST/STM32_USB_Device_Library/Class/CDC/Src/usbd_cdc.o
 .debug_ranges  0x00000668       0xa8 Middlewares/ST/STM32_USB_Device_Library/Core/Src/usbd_core.o
 .debug_ranges  0x00000710       0x78 Middlewares/ST/STM32_USB_Device_Library/Core/Src/usbd_ctlreq.o
 .debug_ranges  0x00000788       0x40 Middlewares/ST/STM32_USB_Device_Library/Core/Src/usbd_ioreq.o
 .debug_ranges  0x000007c8       0x30 Src/main.o
 .debug_ranges  0x000007f8       0x10 Src/mainApp.o
 .debug_ranges  0x00000808       0x38 Src/spi.o
 .debug_ranges  0x00000840       0x20 Src/stm32f1xx_hal_msp.o
 .debug_ranges  0x00000860       0x68 Src/stm32f1xx_it.o
 .debug_ranges  0x000008c8       0x60 Src/sx1276_7_8.o
 .debug_ranges  0x00000928       0x18 Src/system_stm32f1xx.o
 .debug_ranges  0x00000940       0x10 Src/usb_device.o
 .debug_ranges  0x00000950       0x30 Src/usbd_cdc_if.o
 .debug_ranges  0x00000980      0x100 Src/usbd_conf.o
 .debug_ranges  0x00000a80       0x40 Src/usbd_desc.o
 .debug_ranges  0x00000ac0       0x20 startup/startup_stm32f103xb.o

.debug_macro    0x00000000    0x1c0b8
 .debug_macro   0x00000000      0x30e Drivers/STM32F1xx_HAL_Driver/Src/stm32f1xx_hal.o
 .debug_macro   0x0000030e      0x880 Drivers/STM32F1xx_HAL_Driver/Src/stm32f1xx_hal.o
 .debug_macro   0x00000b8e       0x6a Drivers/STM32F1xx_HAL_Driver/Src/stm32f1xx_hal.o
 .debug_macro   0x00000bf8      0x161 Drivers/STM32F1xx_HAL_Driver/Src/stm32f1xx_hal.o
 .debug_macro   0x00000d59       0x2e Drivers/STM32F1xx_HAL_Driver/Src/stm32f1xx_hal.o
 .debug_macro   0x00000d87       0x22 Drivers/STM32F1xx_HAL_Driver/Src/stm32f1xx_hal.o
 .debug_macro   0x00000da9       0x22 Drivers/STM32F1xx_HAL_Driver/Src/stm32f1xx_hal.o
 .debug_macro   0x00000dcb       0x87 Drivers/STM32F1xx_HAL_Driver/Src/stm32f1xx_hal.o
 .debug_macro   0x00000e52       0x44 Drivers/STM32F1xx_HAL_Driver/Src/stm32f1xx_hal.o
 .debug_macro   0x00000e96       0xfd Drivers/STM32F1xx_HAL_Driver/Src/stm32f1xx_hal.o
 .debug_macro   0x00000f93       0x5e Drivers/STM32F1xx_HAL_Driver/Src/stm32f1xx_hal.o
 .debug_macro   0x00000ff1      0x1df Drivers/STM32F1xx_HAL_Driver/Src/stm32f1xx_hal.o
 .debug_macro   0x000011d0       0x34 Drivers/STM32F1xx_HAL_Driver/Src/stm32f1xx_hal.o
 .debug_macro   0x00001204       0x34 Drivers/STM32F1xx_HAL_Driver/Src/stm32f1xx_hal.o
 .debug_macro   0x00001238      0xb8e Drivers/STM32F1xx_HAL_Driver/Src/stm32f1xx_hal.o
 .debug_macro   0x00001dc6     0xf2f7 Drivers/STM32F1xx_HAL_Driver/Src/stm32f1xx_hal.o
 .debug_macro   0x000110bd       0x43 Drivers/STM32F1xx_HAL_Driver/Src/stm32f1xx_hal.o
 .debug_macro   0x00011100     0x3383 Drivers/STM32F1xx_HAL_Driver/Src/stm32f1xx_hal.o
 .debug_macro   0x00014483       0x52 Drivers/STM32F1xx_HAL_Driver/Src/stm32f1xx_hal.o
 .debug_macro   0x000144d5       0x35 Drivers/STM32F1xx_HAL_Driver/Src/stm32f1xx_hal.o
 .debug_macro   0x0001450a       0x9c Drivers/STM32F1xx_HAL_Driver/Src/stm32f1xx_hal.o
 .debug_macro   0x000145a6       0x16 Drivers/STM32F1xx_HAL_Driver/Src/stm32f1xx_hal.o
 .debug_macro   0x000145bc       0x97 Drivers/STM32F1xx_HAL_Driver/Src/stm32f1xx_hal.o
 .debug_macro   0x00014653      0x30d Drivers/STM32F1xx_HAL_Driver/Src/stm32f1xx_hal.o
 .debug_macro   0x00014960       0xfd Drivers/STM32F1xx_HAL_Driver/Src/stm32f1xx_hal.o
 .debug_macro   0x00014a5d       0x10 Drivers/STM32F1xx_HAL_Driver/Src/stm32f1xx_hal.o
 .debug_macro   0x00014a6d       0x52 Drivers/STM32F1xx_HAL_Driver/Src/stm32f1xx_hal.o
 .debug_macro   0x00014abf       0x1f Drivers/STM32F1xx_HAL_Driver/Src/stm32f1xx_hal.o
 .debug_macro   0x00014ade       0x43 Drivers/STM32F1xx_HAL_Driver/Src/stm32f1xx_hal.o
 .debug_macro   0x00014b21       0x20 Drivers/STM32F1xx_HAL_Driver/Src/stm32f1xx_hal.o
 .debug_macro   0x00014b41      0x187 Drivers/STM32F1xx_HAL_Driver/Src/stm32f1xx_hal.o
 .debug_macro   0x00014cc8       0x10 Drivers/STM32F1xx_HAL_Driver/Src/stm32f1xx_hal.o
 .debug_macro   0x00014cd8       0x1c Drivers/STM32F1xx_HAL_Driver/Src/stm32f1xx_hal.o
 .debug_macro   0x00014cf4       0x52 Drivers/STM32F1xx_HAL_Driver/Src/stm32f1xx_hal.o
 .debug_macro   0x00014d46       0x40 Drivers/STM32F1xx_HAL_Driver/Src/stm32f1xx_hal.o
 .debug_macro   0x00014d86       0x10 Drivers/STM32F1xx_HAL_Driver/Src/stm32f1xx_hal.o
 .debug_macro   0x00014d96       0x40 Drivers/STM32F1xx_HAL_Driver/Src/stm32f1xx_hal.o
 .debug_macro   0x00014dd6       0xd7 Drivers/STM32F1xx_HAL_Driver/Src/stm32f1xx_hal.o
 .debug_macro   0x00014ead       0x16 Drivers/STM32F1xx_HAL_Driver/Src/stm32f1xx_hal.o
 .debug_macro   0x00014ec3      0x18b Drivers/STM32F1xx_HAL_Driver/Src/stm32f1xx_hal.o
 .debug_macro   0x0001504e       0x50 Drivers/STM32F1xx_HAL_Driver/Src/stm32f1xx_hal.o
 .debug_macro   0x0001509e      0x778 Drivers/STM32F1xx_HAL_Driver/Src/stm32f1xx_hal.o
 .debug_macro   0x00015816      0x28b Drivers/STM32F1xx_HAL_Driver/Src/stm32f1xx_hal.o
 .debug_macro   0x00015aa1      0x141 Drivers/STM32F1xx_HAL_Driver/Src/stm32f1xx_hal.o
 .debug_macro   0x00015be2      0x197 Drivers/STM32F1xx_HAL_Driver/Src/stm32f1xx_hal.o
 .debug_macro   0x00015d79      0x1ae Drivers/STM32F1xx_HAL_Driver/Src/stm32f1xx_hal.o
 .debug_macro   0x00015f27       0x2d Drivers/STM32F1xx_HAL_Driver/Src/stm32f1xx_hal.o
 .debug_macro   0x00015f54       0x3c Drivers/STM32F1xx_HAL_Driver/Src/stm32f1xx_hal.o
 .debug_macro   0x00015f90       0x57 Drivers/STM32F1xx_HAL_Driver/Src/stm32f1xx_hal.o
 .debug_macro   0x00015fe7       0x8c Drivers/STM32F1xx_HAL_Driver/Src/stm32f1xx_hal.o
 .debug_macro   0x00016073      0x242 Drivers/STM32F1xx_HAL_Driver/Src/stm32f1xx_hal.o
 .debug_macro   0x000162b5      0x143 Drivers/STM32F1xx_HAL_Driver/Src/stm32f1xx_hal.o
 .debug_macro   0x000163f8      0x1f4 Drivers/STM32F1xx_HAL_Driver/Src/stm32f1xx_hal.o
 .debug_macro   0x000165ec       0x50 Drivers/STM32F1xx_HAL_Driver/Src/stm32f1xx_hal.o
 .debug_macro   0x0001663c      0x26c Drivers/STM32F1xx_HAL_Driver/Src/stm32f1xx_hal.o
 .debug_macro   0x000168a8       0x7c Drivers/STM32F1xx_HAL_Driver/Src/stm32f1xx_hal.o
 .debug_macro   0x00016924      0x2ea Drivers/STM32F1xx_HAL_Driver/Src/stm32f1xx_hal_cortex.o
 .debug_macro   0x00016c0e      0x35a Drivers/STM32F1xx_HAL_Driver/Src/stm32f1xx_hal_gpio.o
 .debug_macro   0x00016f68      0x2f6 Drivers/STM32F1xx_HAL_Driver/Src/stm32f1xx_hal_pcd.o
 .debug_macro   0x0001725e      0x2ea Drivers/STM32F1xx_HAL_Driver/Src/stm32f1xx_hal_pcd_ex.o
 .debug_macro   0x00017548      0x30e Drivers/STM32F1xx_HAL_Driver/Src/stm32f1xx_hal_rcc.o
 .debug_macro   0x00017856      0x2ea Drivers/STM32F1xx_HAL_Driver/Src/stm32f1xx_hal_rcc_ex.o
 .debug_macro   0x00017b40      0x2f2 Drivers/STM32F1xx_HAL_Driver/Src/stm32f1xx_hal_spi.o
 .debug_macro   0x00017e32      0x2ea Drivers/STM32F1xx_HAL_Driver/Src/stm32f1xx_hal_spi_ex.o
 .debug_macro   0x0001811c      0x2ea Drivers/STM32F1xx_HAL_Driver/Src/stm32f1xx_ll_usb.o
 .debug_macro   0x00018406      0x3a0 Middlewares/ST/STM32_USB_Device_Library/Class/CDC/Src/usbd_cdc.o
 .debug_macro   0x000187a6       0x4c Middlewares/ST/STM32_USB_Device_Library/Class/CDC/Src/usbd_cdc.o
 .debug_macro   0x000187f2       0x8d Middlewares/ST/STM32_USB_Device_Library/Class/CDC/Src/usbd_cdc.o
 .debug_macro   0x0001887f       0x4a Middlewares/ST/STM32_USB_Device_Library/Class/CDC/Src/usbd_cdc.o
 .debug_macro   0x000188c9       0x16 Middlewares/ST/STM32_USB_Device_Library/Class/CDC/Src/usbd_cdc.o
 .debug_macro   0x000188df       0x35 Middlewares/ST/STM32_USB_Device_Library/Class/CDC/Src/usbd_cdc.o
 .debug_macro   0x00018914       0x16 Middlewares/ST/STM32_USB_Device_Library/Class/CDC/Src/usbd_cdc.o
 .debug_macro   0x0001892a       0x29 Middlewares/ST/STM32_USB_Device_Library/Class/CDC/Src/usbd_cdc.o
 .debug_macro   0x00018953       0x16 Middlewares/ST/STM32_USB_Device_Library/Class/CDC/Src/usbd_cdc.o
 .debug_macro   0x00018969       0x6b Middlewares/ST/STM32_USB_Device_Library/Class/CDC/Src/usbd_cdc.o
 .debug_macro   0x000189d4      0x1c3 Middlewares/ST/STM32_USB_Device_Library/Class/CDC/Src/usbd_cdc.o
 .debug_macro   0x00018b97       0x83 Middlewares/ST/STM32_USB_Device_Library/Class/CDC/Src/usbd_cdc.o
 .debug_macro   0x00018c1a      0x387 Middlewares/ST/STM32_USB_Device_Library/Core/Src/usbd_core.o
 .debug_macro   0x00018fa1      0x387 Middlewares/ST/STM32_USB_Device_Library/Core/Src/usbd_ctlreq.o
 .debug_macro   0x00019328      0x383 Middlewares/ST/STM32_USB_Device_Library/Core/Src/usbd_ioreq.o
 .debug_macro   0x000196ab      0x379 Src/main.o
 .debug_macro   0x00019a24      0x3db Src/mainApp.o
 .debug_macro   0x00019dff      0x167 Src/mainApp.o
 .debug_macro   0x00019f66       0x76 Src/mainApp.o
 .debug_macro   0x00019fdc       0x22 Src/mainApp.o
 .debug_macro   0x00019ffe      0x308 Src/mainApp.o
 .debug_macro   0x0001a306      0x2fc Src/spi.o
 .debug_macro   0x0001a602       0x1c Src/spi.o
 .debug_macro   0x0001a61e      0x2ea Src/stm32f1xx_hal_msp.o
 .debug_macro   0x0001a908      0x2f4 Src/stm32f1xx_it.o
 .debug_macro   0x0001abfc      0x305 Src/sx1276_7_8.o
 .debug_macro   0x0001af01      0x2f0 Src/system_stm32f1xx.o
 .debug_macro   0x0001b1f1      0x3be Src/usb_device.o
 .debug_macro   0x0001b5af      0x3a8 Src/usbd_cdc_if.o
 .debug_macro   0x0001b957      0x3a0 Src/usbd_conf.o
 .debug_macro   0x0001bcf7      0x3c1 Src/usbd_desc.o

.debug_line     0x00000000     0xf77b
 .debug_line    0x00000000      0x8f2 Drivers/STM32F1xx_HAL_Driver/Src/stm32f1xx_hal.o
 .debug_line    0x000008f2      0xa27 Drivers/STM32F1xx_HAL_Driver/Src/stm32f1xx_hal_cortex.o
 .debug_line    0x00001319      0x970 Drivers/STM32F1xx_HAL_Driver/Src/stm32f1xx_hal_gpio.o
 .debug_line    0x00001c89      0xc73 Drivers/STM32F1xx_HAL_Driver/Src/stm32f1xx_hal_pcd.o
 .debug_line    0x000028fc      0x7ad Drivers/STM32F1xx_HAL_Driver/Src/stm32f1xx_hal_pcd_ex.o
 .debug_line    0x000030a9     0x1035 Drivers/STM32F1xx_HAL_Driver/Src/stm32f1xx_hal_rcc.o
 .debug_line    0x000040de      0x8d0 Drivers/STM32F1xx_HAL_Driver/Src/stm32f1xx_hal_rcc_ex.o
 .debug_line    0x000049ae      0xfac Drivers/STM32F1xx_HAL_Driver/Src/stm32f1xx_hal_spi.o
 .debug_line    0x0000595a      0x7b8 Drivers/STM32F1xx_HAL_Driver/Src/stm32f1xx_hal_spi_ex.o
 .debug_line    0x00006112      0xbeb Drivers/STM32F1xx_HAL_Driver/Src/stm32f1xx_ll_usb.o
 .debug_line    0x00006cfd      0xa7c Middlewares/ST/STM32_USB_Device_Library/Class/CDC/Src/usbd_cdc.o
 .debug_line    0x00007779      0xa6a Middlewares/ST/STM32_USB_Device_Library/Core/Src/usbd_core.o
 .debug_line    0x000081e3      0xac4 Middlewares/ST/STM32_USB_Device_Library/Core/Src/usbd_ctlreq.o
 .debug_line    0x00008ca7      0x905 Middlewares/ST/STM32_USB_Device_Library/Core/Src/usbd_ioreq.o
 .debug_line    0x000095ac      0x8d0 Src/main.o
 .debug_line    0x00009e7c      0x94f Src/mainApp.o
 .debug_line    0x0000a7cb      0x814 Src/spi.o
 .debug_line    0x0000afdf      0x7ac Src/stm32f1xx_hal_msp.o
 .debug_line    0x0000b78b      0x84d Src/stm32f1xx_it.o
 .debug_line    0x0000bfd8      0x8b2 Src/sx1276_7_8.o
 .debug_line    0x0000c88a      0x7ae Src/system_stm32f1xx.o
 .debug_line    0x0000d038      0x900 Src/usb_device.o
 .debug_line    0x0000d938      0x938 Src/usbd_cdc_if.o
 .debug_line    0x0000e270      0xba7 Src/usbd_conf.o
 .debug_line    0x0000ee17      0x8e7 Src/usbd_desc.o
 .debug_line    0x0000f6fe       0x7d startup/startup_stm32f103xb.o

.debug_str      0x00000000    0x8aefa
 .debug_str     0x00000000    0x86736 Drivers/STM32F1xx_HAL_Driver/Src/stm32f1xx_hal.o
                              0x86c18 (size before relaxing)
 .debug_str     0x00086736      0x314 Drivers/STM32F1xx_HAL_Driver/Src/stm32f1xx_hal_cortex.o
                              0x86c6f (size before relaxing)
 .debug_str     0x00086a4a      0x453 Drivers/STM32F1xx_HAL_Driver/Src/stm32f1xx_hal_gpio.o
                              0x86a54 (size before relaxing)
 .debug_str     0x00086e9d      0x64f Drivers/STM32F1xx_HAL_Driver/Src/stm32f1xx_hal_pcd.o
                              0x86c93 (size before relaxing)
 .debug_str     0x000874ec       0x74 Drivers/STM32F1xx_HAL_Driver/Src/stm32f1xx_hal_pcd_ex.o
                              0x86901 (size before relaxing)
 .debug_str     0x00087560      0x3f6 Drivers/STM32F1xx_HAL_Driver/Src/stm32f1xx_hal_rcc.o
                              0x86a8e (size before relaxing)
 .debug_str     0x00087956      0x12b Drivers/STM32F1xx_HAL_Driver/Src/stm32f1xx_hal_rcc_ex.o
                              0x86771 (size before relaxing)
 .debug_str     0x00087a81      0x6a8 Drivers/STM32F1xx_HAL_Driver/Src/stm32f1xx_hal_spi.o
                              0x86d02 (size before relaxing)
 .debug_str     0x00088129       0x54 Drivers/STM32F1xx_HAL_Driver/Src/stm32f1xx_hal_spi_ex.o
                              0x869a2 (size before relaxing)
 .debug_str     0x0008817d      0x2cf Drivers/STM32F1xx_HAL_Driver/Src/stm32f1xx_ll_usb.o
                              0x86ad4 (size before relaxing)
 .debug_str     0x0008844c     0x122f Middlewares/ST/STM32_USB_Device_Library/Class/CDC/Src/usbd_cdc.o
                              0x878af (size before relaxing)
 .debug_str     0x0008967b      0x1b5 Middlewares/ST/STM32_USB_Device_Library/Core/Src/usbd_core.o
                              0x87517 (size before relaxing)
 .debug_str     0x00089830      0x134 Middlewares/ST/STM32_USB_Device_Library/Core/Src/usbd_ctlreq.o
                              0x8749d (size before relaxing)
 .debug_str     0x00089964       0xc9 Middlewares/ST/STM32_USB_Device_Library/Core/Src/usbd_ioreq.o
                              0x87425 (size before relaxing)
 .debug_str     0x00089a2d       0x80 Src/main.o
                              0x87871 (size before relaxing)
 .debug_str     0x00089aad      0xcf4 Src/mainApp.o
                              0x87fb3 (size before relaxing)
 .debug_str     0x0008a7a1       0x5b Src/spi.o
                              0x86be6 (size before relaxing)
 .debug_str     0x0008a7fc       0x1b Src/stm32f1xx_hal_msp.o
                              0x86cca (size before relaxing)
 .debug_str     0x0008a817       0xd4 Src/stm32f1xx_it.o
                              0x86c97 (size before relaxing)
 .debug_str     0x0008a8eb      0x167 Src/sx1276_7_8.o
                              0x8731d (size before relaxing)
 .debug_str     0x0008aa52       0x61 Src/system_stm32f1xx.o
                              0x86685 (size before relaxing)
 .debug_str     0x0008aab3       0x53 Src/usb_device.o
                              0x8768b (size before relaxing)
 .debug_str     0x0008ab06       0xa1 Src/usbd_cdc_if.o
                              0x8776a (size before relaxing)
 .debug_str     0x0008aba7      0x132 Src/usbd_conf.o
                              0x87f65 (size before relaxing)
 .debug_str     0x0008acd9      0x221 Src/usbd_desc.o
                              0x872d9 (size before relaxing)

.comment        0x00000000       0x6e
 .comment       0x00000000       0x6e Drivers/STM32F1xx_HAL_Driver/Src/stm32f1xx_hal.o
                                 0x6f (size before relaxing)
 .comment       0x0000006e       0x6f Drivers/STM32F1xx_HAL_Driver/Src/stm32f1xx_hal_cortex.o
 .comment       0x0000006e       0x6f Drivers/STM32F1xx_HAL_Driver/Src/stm32f1xx_hal_gpio.o
 .comment       0x0000006e       0x6f Drivers/STM32F1xx_HAL_Driver/Src/stm32f1xx_hal_pcd.o
 .comment       0x0000006e       0x6f Drivers/STM32F1xx_HAL_Driver/Src/stm32f1xx_hal_pcd_ex.o
 .comment       0x0000006e       0x6f Drivers/STM32F1xx_HAL_Driver/Src/stm32f1xx_hal_rcc.o
 .comment       0x0000006e       0x6f Drivers/STM32F1xx_HAL_Driver/Src/stm32f1xx_hal_rcc_ex.o
 .comment       0x0000006e       0x6f Drivers/STM32F1xx_HAL_Driver/Src/stm32f1xx_hal_spi.o
 .comment       0x0000006e       0x6f Drivers/STM32F1xx_HAL_Driver/Src/stm32f1xx_hal_spi_ex.o
 .comment       0x0000006e       0x6f Drivers/STM32F1xx_HAL_Driver/Src/stm32f1xx_ll_usb.o
 .comment       0x0000006e       0x6f Middlewares/ST/STM32_USB_Device_Library/Class/CDC/Src/usbd_cdc.o
 .comment       0x0000006e       0x6f Middlewares/ST/STM32_USB_Device_Library/Core/Src/usbd_core.o
 .comment       0x0000006e       0x6f Middlewares/ST/STM32_USB_Device_Library/Core/Src/usbd_ctlreq.o
 .comment       0x0000006e       0x6f Middlewares/ST/STM32_USB_Device_Library/Core/Src/usbd_ioreq.o
 .comment       0x0000006e       0x6f Src/main.o
 .comment       0x0000006e       0x6f Src/mainApp.o
 .comment       0x0000006e       0x6f Src/spi.o
 .comment       0x0000006e       0x6f Src/stm32f1xx_hal_msp.o
 .comment       0x0000006e       0x6f Src/stm32f1xx_it.o
 .comment       0x0000006e       0x6f Src/sx1276_7_8.o
 .comment       0x0000006e       0x6f Src/system_stm32f1xx.o
 .comment       0x0000006e       0x6f Src/usb_device.o
 .comment       0x0000006e       0x6f Src/usbd_cdc_if.o
 .comment       0x0000006e       0x6f Src/usbd_conf.o
 .comment       0x0000006e       0x6f Src/usbd_desc.o

.debug_frame    0x00000000     0x32d8
 .debug_frame   0x00000000      0x278 Drivers/STM32F1xx_HAL_Driver/Src/stm32f1xx_hal.o
 .debug_frame   0x00000278      0x428 Drivers/STM32F1xx_HAL_Driver/Src/stm32f1xx_hal_cortex.o
 .debug_frame   0x000006a0      0x14c Drivers/STM32F1xx_HAL_Driver/Src/stm32f1xx_hal_gpio.o
 .debug_frame   0x000007ec      0x4fc Drivers/STM32F1xx_HAL_Driver/Src/stm32f1xx_hal_pcd.o
 .debug_frame   0x00000ce8       0x60 Drivers/STM32F1xx_HAL_Driver/Src/stm32f1xx_hal_pcd_ex.o
 .debug_frame   0x00000d48      0x21c Drivers/STM32F1xx_HAL_Driver/Src/stm32f1xx_hal_rcc.o
 .debug_frame   0x00000f64       0x84 Drivers/STM32F1xx_HAL_Driver/Src/stm32f1xx_hal_rcc_ex.o
 .debug_frame   0x00000fe8      0x5fc Drivers/STM32F1xx_HAL_Driver/Src/stm32f1xx_hal_spi.o
 .debug_frame   0x000015e4       0x5c Drivers/STM32F1xx_HAL_Driver/Src/stm32f1xx_hal_spi_ex.o
 .debug_frame   0x00001640      0x4b0 Drivers/STM32F1xx_HAL_Driver/Src/stm32f1xx_ll_usb.o
 .debug_frame   0x00001af0      0x24c Middlewares/ST/STM32_USB_Device_Library/Class/CDC/Src/usbd_cdc.o
 .debug_frame   0x00001d3c      0x300 Middlewares/ST/STM32_USB_Device_Library/Core/Src/usbd_core.o
 .debug_frame   0x0000203c      0x210 Middlewares/ST/STM32_USB_Device_Library/Core/Src/usbd_ctlreq.o
 .debug_frame   0x0000224c      0x10c Middlewares/ST/STM32_USB_Device_Library/Core/Src/usbd_ioreq.o
 .debug_frame   0x00002358       0xa8 Src/main.o
 .debug_frame   0x00002400       0x30 Src/mainApp.o
 .debug_frame   0x00002430       0xec Src/spi.o
 .debug_frame   0x0000251c       0x7c Src/stm32f1xx_hal_msp.o
 .debug_frame   0x00002598      0x160 Src/stm32f1xx_it.o
 .debug_frame   0x000026f8      0x174 Src/sx1276_7_8.o
 .debug_frame   0x0000286c       0x58 Src/system_stm32f1xx.o
 .debug_frame   0x000028c4       0x2c Src/usb_device.o
 .debug_frame   0x000028f0       0xbc Src/usbd_cdc_if.o
 .debug_frame   0x000029ac      0x47c Src/usbd_conf.o
 .debug_frame   0x00002e28      0x114 Src/usbd_desc.o
 .debug_frame   0x00002f3c       0x2c c:/ac6/systemworkbench/plugins/fr.ac6.mcu.externaltools.arm-none.win32_1.13.3.201707031232/tools/compiler/bin/../lib/gcc/arm-none-eabi/5.4.1/../../../../arm-none-eabi/lib/armv7-m\libc_nano.a(lib_a-init.o)
 .debug_frame   0x00002f68       0x70 c:/ac6/systemworkbench/plugins/fr.ac6.mcu.externaltools.arm-none.win32_1.13.3.201707031232/tools/compiler/bin/../lib/gcc/arm-none-eabi/5.4.1/../../../../arm-none-eabi/lib/armv7-m\libc_nano.a(lib_a-sprintf.o)
 .debug_frame   0x00002fd8       0x90 c:/ac6/systemworkbench/plugins/fr.ac6.mcu.externaltools.arm-none.win32_1.13.3.201707031232/tools/compiler/bin/../lib/gcc/arm-none-eabi/5.4.1/../../../../arm-none-eabi/lib/armv7-m\libc_nano.a(lib_a-nano-svfprintf.o)
 .debug_frame   0x00003068       0x60 c:/ac6/systemworkbench/plugins/fr.ac6.mcu.externaltools.arm-none.win32_1.13.3.201707031232/tools/compiler/bin/../lib/gcc/arm-none-eabi/5.4.1/../../../../arm-none-eabi/lib/armv7-m\libc_nano.a(lib_a-nano-vfprintf_i.o)
 .debug_frame   0x000030c8       0x28 c:/ac6/systemworkbench/plugins/fr.ac6.mcu.externaltools.arm-none.win32_1.13.3.201707031232/tools/compiler/bin/../lib/gcc/arm-none-eabi/5.4.1/../../../../arm-none-eabi/lib/armv7-m\libc_nano.a(lib_a-memchr-stub.o)
 .debug_frame   0x000030f0       0x28 c:/ac6/systemworkbench/plugins/fr.ac6.mcu.externaltools.arm-none.win32_1.13.3.201707031232/tools/compiler/bin/../lib/gcc/arm-none-eabi/5.4.1/../../../../arm-none-eabi/lib/armv7-m\libc_nano.a(lib_a-memcpy-stub.o)
 .debug_frame   0x00003118       0x28 c:/ac6/systemworkbench/plugins/fr.ac6.mcu.externaltools.arm-none.win32_1.13.3.201707031232/tools/compiler/bin/../lib/gcc/arm-none-eabi/5.4.1/../../../../arm-none-eabi/lib/armv7-m\libc_nano.a(lib_a-memmove.o)
 .debug_frame   0x00003140       0x38 c:/ac6/systemworkbench/plugins/fr.ac6.mcu.externaltools.arm-none.win32_1.13.3.201707031232/tools/compiler/bin/../lib/gcc/arm-none-eabi/5.4.1/../../../../arm-none-eabi/lib/armv7-m\libc_nano.a(lib_a-nano-freer.o)
 .debug_frame   0x00003178       0x2c c:/ac6/systemworkbench/plugins/fr.ac6.mcu.externaltools.arm-none.win32_1.13.3.201707031232/tools/compiler/bin/../lib/gcc/arm-none-eabi/5.4.1/../../../../arm-none-eabi/lib/armv7-m\libc_nano.a(lib_a-nano-mallocr.o)
 .debug_frame   0x000031a4       0x3c c:/ac6/systemworkbench/plugins/fr.ac6.mcu.externaltools.arm-none.win32_1.13.3.201707031232/tools/compiler/bin/../lib/gcc/arm-none-eabi/5.4.1/../../../../arm-none-eabi/lib/armv7-m\libc_nano.a(lib_a-nano-reallocr.o)
 .debug_frame   0x000031e0       0x2c c:/ac6/systemworkbench/plugins/fr.ac6.mcu.externaltools.arm-none.win32_1.13.3.201707031232/tools/compiler/bin/../lib/gcc/arm-none-eabi/5.4.1/../../../../arm-none-eabi/lib/armv7-m\libc_nano.a(lib_a-sbrkr.o)
 .debug_frame   0x0000320c       0x30 c:/ac6/systemworkbench/plugins/fr.ac6.mcu.externaltools.arm-none.win32_1.13.3.201707031232/tools/compiler/bin/../lib/gcc/arm-none-eabi/5.4.1/../../../../arm-none-eabi/lib/armv7-m\libc_nano.a(lib_a-mlock.o)
 .debug_frame   0x0000323c       0x20 c:/ac6/systemworkbench/plugins/fr.ac6.mcu.externaltools.arm-none.win32_1.13.3.201707031232/tools/compiler/bin/../lib/gcc/arm-none-eabi/5.4.1/../../../../arm-none-eabi/lib/armv7-m\libc_nano.a(lib_a-nano-msizer.o)
 .debug_frame   0x0000325c       0x5c c:/ac6/systemworkbench/plugins/fr.ac6.mcu.externaltools.arm-none.win32_1.13.3.201707031232/tools/compiler/bin/../lib/gcc/arm-none-eabi/5.4.1/../../../../arm-none-eabi/lib/armv7-m\libc_nano.a(lib_a-reent.o)
 .debug_frame   0x000032b8       0x20 c:/ac6/systemworkbench/plugins/fr.ac6.mcu.externaltools.arm-none.win32_1.13.3.201707031232/tools/compiler/bin/../lib/gcc/arm-none-eabi/5.4.1/../../../../arm-none-eabi/lib/armv7-m\libnosys.a(sbrk.o)
